Archive member included to satisfy reference by file (symbol)

c:/progra~1/raspbe~1/picosd~1.1/gcc-ar~1/bin/../lib/gcc/arm-none-eabi/10.3.1/thumb/v6-m/nofp\libgcc.a(_dvmd_tls.o)
                              CMakeFiles/w5500_spi.dir/C_/Program_Files/Raspberry_Pi/Pico_SDK_v1.5.1/pico-sdk/src/rp2_common/pico_divider/divider.S.obj (__aeabi_idiv0)
c:/progra~1/raspbe~1/picosd~1.1/gcc-ar~1/bin/../lib/gcc/arm-none-eabi/10.3.1/../../../../arm-none-eabi/lib/thumb/v6-m/nofp\libc.a(lib_a-calloc.o)
                              CMakeFiles/w5500_spi.dir/C_/Program_Files/Raspberry_Pi/Pico_SDK_v1.5.1/pico-sdk/src/rp2_common/pico_malloc/pico_malloc.c.obj (calloc)
c:/progra~1/raspbe~1/picosd~1.1/gcc-ar~1/bin/../lib/gcc/arm-none-eabi/10.3.1/../../../../arm-none-eabi/lib/thumb/v6-m/nofp\libc.a(lib_a-callocr.o)
                              c:/progra~1/raspbe~1/picosd~1.1/gcc-ar~1/bin/../lib/gcc/arm-none-eabi/10.3.1/../../../../arm-none-eabi/lib/thumb/v6-m/nofp\libc.a(lib_a-calloc.o) (_calloc_r)
c:/progra~1/raspbe~1/picosd~1.1/gcc-ar~1/bin/../lib/gcc/arm-none-eabi/10.3.1/../../../../arm-none-eabi/lib/thumb/v6-m/nofp\libc.a(lib_a-errno.o)
                              c:/progra~1/raspbe~1/picosd~1.1/gcc-ar~1/bin/../lib/gcc/arm-none-eabi/10.3.1/../../../../arm-none-eabi/lib/thumb/v6-m/nofp\libc.a(lib_a-callocr.o) (__errno)
c:/progra~1/raspbe~1/picosd~1.1/gcc-ar~1/bin/../lib/gcc/arm-none-eabi/10.3.1/../../../../arm-none-eabi/lib/thumb/v6-m/nofp\libc.a(lib_a-impure.o)
                              c:/progra~1/raspbe~1/picosd~1.1/gcc-ar~1/bin/../lib/gcc/arm-none-eabi/10.3.1/../../../../arm-none-eabi/lib/thumb/v6-m/nofp\libc.a(lib_a-calloc.o) (_impure_ptr)
c:/progra~1/raspbe~1/picosd~1.1/gcc-ar~1/bin/../lib/gcc/arm-none-eabi/10.3.1/../../../../arm-none-eabi/lib/thumb/v6-m/nofp\libc.a(lib_a-init.o)
                              c:/progra~1/raspbe~1/picosd~1.1/gcc-ar~1/bin/../lib/gcc/arm-none-eabi/10.3.1/../../../../arm-none-eabi/lib/thumb/v6-m/nofp/crt0.o (__libc_init_array)
c:/progra~1/raspbe~1/picosd~1.1/gcc-ar~1/bin/../lib/gcc/arm-none-eabi/10.3.1/../../../../arm-none-eabi/lib/thumb/v6-m/nofp\libc.a(lib_a-malloc.o)
                              CMakeFiles/w5500_spi.dir/C_/Program_Files/Raspberry_Pi/Pico_SDK_v1.5.1/pico-sdk/src/rp2_common/pico_malloc/pico_malloc.c.obj (malloc)
c:/progra~1/raspbe~1/picosd~1.1/gcc-ar~1/bin/../lib/gcc/arm-none-eabi/10.3.1/../../../../arm-none-eabi/lib/thumb/v6-m/nofp\libc.a(lib_a-mallocr.o)
                              c:/progra~1/raspbe~1/picosd~1.1/gcc-ar~1/bin/../lib/gcc/arm-none-eabi/10.3.1/../../../../arm-none-eabi/lib/thumb/v6-m/nofp\libc.a(lib_a-callocr.o) (_malloc_r)
c:/progra~1/raspbe~1/picosd~1.1/gcc-ar~1/bin/../lib/gcc/arm-none-eabi/10.3.1/../../../../arm-none-eabi/lib/thumb/v6-m/nofp\libc.a(lib_a-mlock.o)
                              c:/progra~1/raspbe~1/picosd~1.1/gcc-ar~1/bin/../lib/gcc/arm-none-eabi/10.3.1/../../../../arm-none-eabi/lib/thumb/v6-m/nofp\libc.a(lib_a-mallocr.o) (__malloc_lock)
c:/progra~1/raspbe~1/picosd~1.1/gcc-ar~1/bin/../lib/gcc/arm-none-eabi/10.3.1/../../../../arm-none-eabi/lib/thumb/v6-m/nofp\libc.a(lib_a-realloc.o)
                              CMakeFiles/w5500_spi.dir/C_/Program_Files/Raspberry_Pi/Pico_SDK_v1.5.1/pico-sdk/src/rp2_common/pico_malloc/pico_malloc.c.obj (realloc)
c:/progra~1/raspbe~1/picosd~1.1/gcc-ar~1/bin/../lib/gcc/arm-none-eabi/10.3.1/../../../../arm-none-eabi/lib/thumb/v6-m/nofp\libc.a(lib_a-reallocr.o)
                              c:/progra~1/raspbe~1/picosd~1.1/gcc-ar~1/bin/../lib/gcc/arm-none-eabi/10.3.1/../../../../arm-none-eabi/lib/thumb/v6-m/nofp\libc.a(lib_a-realloc.o) (_realloc_r)
c:/progra~1/raspbe~1/picosd~1.1/gcc-ar~1/bin/../lib/gcc/arm-none-eabi/10.3.1/../../../../arm-none-eabi/lib/thumb/v6-m/nofp\libc.a(lib_a-sbrkr.o)
                              c:/progra~1/raspbe~1/picosd~1.1/gcc-ar~1/bin/../lib/gcc/arm-none-eabi/10.3.1/../../../../arm-none-eabi/lib/thumb/v6-m/nofp\libc.a(lib_a-mallocr.o) (_sbrk_r)
c:/progra~1/raspbe~1/picosd~1.1/gcc-ar~1/bin/../lib/gcc/arm-none-eabi/10.3.1/../../../../arm-none-eabi/lib/thumb/v6-m/nofp\libc.a(lib_a-strlen-stub.o)
                              CMakeFiles/w5500_spi.dir/C_/Program_Files/Raspberry_Pi/Pico_SDK_v1.5.1/pico-sdk/src/rp2_common/pico_stdio/stdio.c.obj (strlen)
c:/progra~1/raspbe~1/picosd~1.1/gcc-ar~1/bin/../lib/gcc/arm-none-eabi/10.3.1/../../../../arm-none-eabi/lib/thumb/v6-m/nofp\libc.a(lib_a-freer.o)
                              c:/progra~1/raspbe~1/picosd~1.1/gcc-ar~1/bin/../lib/gcc/arm-none-eabi/10.3.1/../../../../arm-none-eabi/lib/thumb/v6-m/nofp\libc.a(lib_a-malloc.o) (_free_r)
c:/progra~1/raspbe~1/picosd~1.1/gcc-ar~1/bin/../lib/gcc/arm-none-eabi/10.3.1/../../../../arm-none-eabi/lib/thumb/v6-m/nofp\libc.a(lib_a-lock.o)
                              c:/progra~1/raspbe~1/picosd~1.1/gcc-ar~1/bin/../lib/gcc/arm-none-eabi/10.3.1/../../../../arm-none-eabi/lib/thumb/v6-m/nofp\libc.a(lib_a-mlock.o) (__retarget_lock_acquire_recursive)
[...]
Memory Configuration

Name             Origin             Length             Attributes
FLASH            0x10000000         0x00200000         xr
RAM              0x20000000         0x00040000         xrw
SCRATCH_X        0x20040000         0x00001000         xrw
SCRATCH_Y        0x20041000         0x00001000         xrw
*default*        0x00000000         0xffffffff

Linker script and memory map

LOAD c:/progra~1/raspbe~1/picosd~1.1/gcc-ar~1/bin/../lib/gcc/arm-none-eabi/10.3.1/thumb/v6-m/nofp/crti.o
LOAD c:/progra~1/raspbe~1/picosd~1.1/gcc-ar~1/bin/../lib/gcc/arm-none-eabi/10.3.1/thumb/v6-m/nofp/crtbegin.o
LOAD c:/progra~1/raspbe~1/picosd~1.1/gcc-ar~1/bin/../lib/gcc/arm-none-eabi/10.3.1/../../../../arm-none-eabi/lib/thumb/v6-m/nofp/crt0.o

.flash_begin    0x10000000        0x0
                0x10000000                __flash_binary_start = .

.boot2          0x10000000      0x100
                0x10000000                __boot2_start__ = .
 *(.boot2)
 .boot2         0x10000000      0x100 C:\Users\roman\AppData\Local\Temp\ccvDq49g.o
                0x10000100                __boot2_end__ = .
                0x00000001                ASSERT (((__boot2_end__ - __boot2_start__) == 0x100), ERROR: Pico second stage bootloader must be 256 bytes in size)

.text           0x10000100     0x7cb8
                0x10000100                __logical_binary_start = .
 *(.vectors)
 .vectors       0x10000100       0xd4 CMakeFiles/w5500_spi.dir/C_/Program_Files/Raspberry_Pi/Pico_SDK_v1.5.1/pico-sdk/src/rp2_common/pico_standard_link/crt0.S.obj
                0x10000100                __VECTOR_TABLE
                0x10000100                __vectors
                0x100001c0                isr_invalid
                0x100001c0                __default_isrs_start
                0x100001c2                isr_nmi
                0x100001c4                isr_hardfault
                0x100001c6                isr_svcall
                0x100001c8                isr_pendsv
                0x100001ca                isr_systick
                0x100001cc                isr_irq23
                0x100001cc                isr_irq18
                0x100001cc                isr_irq11
                0x100001cc                isr_irq28
                0x100001cc                isr_irq19
                0x100001cc                isr_irq0
                0x100001cc                isr_irq6
                0x100001cc                isr_irq5
                0x100001cc                isr_irq12
                0x100001cc                isr_irq22
                0x100001cc                isr_irq31
                0x100001cc                isr_irq17
                0x100001cc                isr_irq27
                0x100001cc                isr_irq30
                0x100001cc                isr_irq2
                0x100001cc                isr_irq10
                0x100001cc                isr_irq8
                0x100001cc                isr_irq24
                0x100001cc                isr_irq1
                0x100001cc                isr_irq7
                0x100001cc                isr_irq21
                0x100001cc                isr_irq20
                0x100001cc                isr_irq15
                0x100001cc                isr_irq25
                0x100001cc                isr_irq13
                0x100001cc                __unhandled_user_irq
                0x100001cc                isr_irq4
                0x100001cc                isr_irq16
                0x100001cc                isr_irq29
                0x100001cc                isr_irq26
                0x100001cc                __default_isrs_end
                0x100001cc                isr_irq3
                0x100001cc                isr_irq14
                0x100001cc                isr_irq9
                0x100001d2                unhandled_user_irq_num_in_r0
 *(.binary_info_header)
 .binary_info_header
                0x100001d4       0x14 CMakeFiles/w5500_spi.dir/C_/Program_Files/Raspberry_Pi/Pico_SDK_v1.5.1/pico-sdk/src/rp2_common/pico_standard_link/crt0.S.obj
                0x100001e8                __binary_info_header_end = .
 *(.reset)
 .reset         0x100001e8       0xa0 CMakeFiles/w5500_spi.dir/C_/Program_Files/Raspberry_Pi/Pico_SDK_v1.5.1/pico-sdk/src/rp2_common/pico_standard_link/crt0.S.obj
                0x100001e8                _entry_point
 .reset         0x10000288       0x30 CMakeFiles/w5500_spi.dir/C_/Program_Files/Raspberry_Pi/Pico_SDK_v1.5.1/pico-sdk/src/rp2_common/pico_standard_link/binary_info.c.obj
 *(.init)
 .init          0x100002b8        0x4 c:/progra~1/raspbe~1/picosd~1.1/gcc-ar~1/bin/../lib/gcc/arm-none-eabi/10.3.1/thumb/v6-m/nofp/crti.o
                0x100002b8                _init
 *(EXCLUDE_FILE(*libm.a: *libc.a:*lib_a-mem*.o *libgcc.a:) .text*)
 .text          0x100002bc       0x48 c:/progra~1/raspbe~1/picosd~1.1/gcc-ar~1/bin/../lib/gcc/arm-none-eabi/10.3.1/thumb/v6-m/nofp/crtbegin.o
 .text.cs_select
                0x10000304       0x18 CMakeFiles/w5500_spi.dir/w5500_spi.c.obj
 .text.cs_deselect
                0x1000031c       0x18 CMakeFiles/w5500_spi.dir/w5500_spi.c.obj
 .text.wiznet_read
                0x10000334       0x28 CMakeFiles/w5500_spi.dir/w5500_spi.c.obj
                0x10000334                wiznet_read
 .text.wiznet_write
                0x1000035c       0x1c CMakeFiles/w5500_spi.dir/w5500_spi.c.obj
 .text.print_network_information
                0x10000378       0x80 CMakeFiles/w5500_spi.dir/w5500_spi.c.obj
                0x10000378                print_network_information
 .text.startup.main
                0x100003f8      0x120 CMakeFiles/w5500_spi.dir/w5500_spi.c.obj
                0x100003f8                main
 .text.loopback_udps
                0x10000518       0xd0 CMakeFiles/w5500_spi.dir/loopback.c.obj
                0x10000518                loopback_udps
 .text.close.part.0
                0x100005e8       0x78 CMakeFiles/w5500_spi.dir/socket.c.obj
 .text.socket   0x10000660      0x164 CMakeFiles/w5500_spi.dir/socket.c.obj
                0x10000660                socket
 .text.sendto   0x100007c4      0x198 CMakeFiles/w5500_spi.dir/socket.c.obj
                0x100007c4                sendto
 .text.recvfrom
                0x1000095c      0x268 CMakeFiles/w5500_spi.dir/socket.c.obj
                0x1000095c                recvfrom
 .text.WIZCHIP_READ
                0x10000bc4       0x5c CMakeFiles/w5500_spi.dir/w5500.c.obj
                0x10000bc4                WIZCHIP_READ
 .text.WIZCHIP_WRITE
                0x10000c20       0x5c CMakeFiles/w5500_spi.dir/w5500.c.obj
                0x10000c20                WIZCHIP_WRITE
 .text.WIZCHIP_READ_BUF
                0x10000c7c       0x90 CMakeFiles/w5500_spi.dir/w5500.c.obj
                0x10000c7c                WIZCHIP_READ_BUF
 .text.WIZCHIP_WRITE_BUF
                0x10000d0c       0x74 CMakeFiles/w5500_spi.dir/w5500.c.obj
                0x10000d0c                WIZCHIP_WRITE_BUF
 .text.getSn_TX_FSR
                0x10000d80       0x54 CMakeFiles/w5500_spi.dir/w5500.c.obj
                0x10000d80                getSn_TX_FSR
 .text.getSn_RX_RSR
                0x10000dd4       0x54 CMakeFiles/w5500_spi.dir/w5500.c.obj
                0x10000dd4                getSn_RX_RSR
 .text.wiz_send_data
                0x10000e28       0x6c CMakeFiles/w5500_spi.dir/w5500.c.obj
                0x10000e28                wiz_send_data
 .text.wiz_recv_data
                0x10000e94       0x6c CMakeFiles/w5500_spi.dir/w5500.c.obj
                0x10000e94                wiz_recv_data
 .text.wiz_recv_ignore
                0x10000f00       0x44 CMakeFiles/w5500_spi.dir/w5500.c.obj
                0x10000f00                wiz_recv_ignore
 .text.wizchip_cris_enter
                0x10000f44        0x4 CMakeFiles/w5500_spi.dir/wizchip_conf.c.obj
                0x10000f44                wizchip_cris_enter
 .text.wizchip_bus_readdata
                0x10000f48        0x8 CMakeFiles/w5500_spi.dir/wizchip_conf.c.obj
                0x10000f48                wizchip_bus_readdata
 .text.wizchip_bus_writedata
                0x10000f50        0x4 CMakeFiles/w5500_spi.dir/wizchip_conf.c.obj
                0x10000f50                wizchip_bus_writedata
 .text.wizchip_spi_readbyte
                0x10000f54        0x4 CMakeFiles/w5500_spi.dir/wizchip_conf.c.obj
                0x10000f54                wizchip_spi_readbyte
 .text.wizchip_spi_writebyte
                0x10000f58        0x4 CMakeFiles/w5500_spi.dir/wizchip_conf.c.obj
                0x10000f58                wizchip_spi_writebyte
 .text.wizchip_cris_exit
                0x10000f5c        0x4 CMakeFiles/w5500_spi.dir/wizchip_conf.c.obj
                0x10000f5c                wizchip_cris_exit
 .text.wizchip_cs_select
                0x10000f60        0x4 CMakeFiles/w5500_spi.dir/wizchip_conf.c.obj
                0x10000f60                wizchip_cs_select
 .text.wizchip_cs_deselect
                0x10000f64        0x4 CMakeFiles/w5500_spi.dir/wizchip_conf.c.obj
                0x10000f64                wizchip_cs_deselect
 .text.reg_wizchip_cs_cbfunc
                0x10000f68       0x24 CMakeFiles/w5500_spi.dir/wizchip_conf.c.obj
                0x10000f68                reg_wizchip_cs_cbfunc
 .text.reg_wizchip_spi_cbfunc
                0x10000f8c       0x2c CMakeFiles/w5500_spi.dir/wizchip_conf.c.obj
                0x10000f8c                reg_wizchip_spi_cbfunc
 .text.ctlnetwork
                0x10000fb8      0x134 CMakeFiles/w5500_spi.dir/wizchip_conf.c.obj
                0x10000fb8                ctlnetwork
 .text.wizchip_sw_reset
                0x100010ec       0x78 CMakeFiles/w5500_spi.dir/wizchip_conf.c.obj
                0x100010ec                wizchip_sw_reset
 .text.wizchip_init
                0x10001164      0x10c CMakeFiles/w5500_spi.dir/wizchip_conf.c.obj
                0x10001164                wizchip_init
 .text.wizphy_setphyconf
                0x10001270       0x78 CMakeFiles/w5500_spi.dir/wizchip_conf.c.obj
                0x10001270                wizphy_setphyconf
 .text.wizphy_getphyconf
                0x100012e8       0x6c CMakeFiles/w5500_spi.dir/wizchip_conf.c.obj
                0x100012e8                wizphy_getphyconf
 .text.wizphy_setphypmode
                0x10001354       0xb8 CMakeFiles/w5500_spi.dir/wizchip_conf.c.obj
                0x10001354                wizphy_setphypmode
 .text.ctlwizchip
                0x1000140c      0x1f4 CMakeFiles/w5500_spi.dir/wizchip_conf.c.obj
                0x1000140c                ctlwizchip
 .text.wizchip_getnetinfo
                0x10001600       0x5c CMakeFiles/w5500_spi.dir/wizchip_conf.c.obj
                0x10001600                wizchip_getnetinfo
 .text.gpio_set_function
                0x1000165c       0x30 CMakeFiles/w5500_spi.dir/C_/Program_Files/Raspberry_Pi/Pico_SDK_v1.5.1/pico-sdk/src/rp2_common/hardware_gpio/gpio.c.obj
                0x1000165c                gpio_set_function
 .text.gpio_init
                0x1000168c       0x3c CMakeFiles/w5500_spi.dir/C_/Program_Files/Raspberry_Pi/Pico_SDK_v1.5.1/pico-sdk/src/rp2_common/hardware_gpio/gpio.c.obj
                0x1000168c                gpio_init
 .text.running_on_fpga
                0x100016c8       0x10 CMakeFiles/w5500_spi.dir/C_/Program_Files/Raspberry_Pi/Pico_SDK_v1.5.1/pico-sdk/src/rp2_common/pico_platform/platform.c.obj
                0x100016c8                running_on_fpga
 .text.hw_claim_or_assert
                0x100016d8       0x44 CMakeFiles/w5500_spi.dir/C_/Program_Files/Raspberry_Pi/Pico_SDK_v1.5.1/pico-sdk/src/rp2_common/hardware_claim/claim.c.obj
                0x100016d8                hw_claim_or_assert
 .text.hw_claim_unused_from_range
                0x1000171c       0x9c CMakeFiles/w5500_spi.dir/C_/Program_Files/Raspberry_Pi/Pico_SDK_v1.5.1/pico-sdk/src/rp2_common/hardware_claim/claim.c.obj
                0x1000171c                hw_claim_unused_from_range
 .text.spin_locks_reset
                0x100017b8       0x1c CMakeFiles/w5500_spi.dir/C_/Program_Files/Raspberry_Pi/Pico_SDK_v1.5.1/pico-sdk/src/rp2_common/hardware_sync/sync.c.obj
                0x100017b8                spin_locks_reset
 .text.next_striped_spin_lock_num
                0x100017d4       0x18 CMakeFiles/w5500_spi.dir/C_/Program_Files/Raspberry_Pi/Pico_SDK_v1.5.1/pico-sdk/src/rp2_common/hardware_sync/sync.c.obj
                0x100017d4                next_striped_spin_lock_num
 .text.spin_lock_claim_unused
                0x100017ec       0x20 CMakeFiles/w5500_spi.dir/C_/Program_Files/Raspberry_Pi/Pico_SDK_v1.5.1/pico-sdk/src/rp2_common/hardware_sync/sync.c.obj
                0x100017ec                spin_lock_claim_unused
 .text.irq_set_enabled
                0x1000180c       0x24 CMakeFiles/w5500_spi.dir/C_/Program_Files/Raspberry_Pi/Pico_SDK_v1.5.1/pico-sdk/src/rp2_common/hardware_irq/irq.c.obj
                0x1000180c                irq_set_enabled
 .text.irq_set_pending
                0x10001830       0x10 CMakeFiles/w5500_spi.dir/C_/Program_Files/Raspberry_Pi/Pico_SDK_v1.5.1/pico-sdk/src/rp2_common/hardware_irq/irq.c.obj
                0x10001830                irq_set_pending
 .text.irq_has_shared_handler
                0x10001840       0x2c CMakeFiles/w5500_spi.dir/C_/Program_Files/Raspberry_Pi/Pico_SDK_v1.5.1/pico-sdk/src/rp2_common/hardware_irq/irq.c.obj
                0x10001840                irq_has_shared_handler
 .text.irq_get_vtable_handler
                0x1000186c       0x10 CMakeFiles/w5500_spi.dir/C_/Program_Files/Raspberry_Pi/Pico_SDK_v1.5.1/pico-sdk/src/rp2_common/hardware_irq/irq.c.obj
                0x1000186c                irq_get_vtable_handler
 .text.irq_set_exclusive_handler
                0x1000187c       0x54 CMakeFiles/w5500_spi.dir/C_/Program_Files/Raspberry_Pi/Pico_SDK_v1.5.1/pico-sdk/src/rp2_common/hardware_irq/irq.c.obj
                0x1000187c                irq_set_exclusive_handler
 .text.irq_add_shared_handler
                0x100018d0      0x1e8 CMakeFiles/w5500_spi.dir/C_/Program_Files/Raspberry_Pi/Pico_SDK_v1.5.1/pico-sdk/src/rp2_common/hardware_irq/irq.c.obj
                0x100018d0                irq_add_shared_handler
 .text.irq_remove_handler
                0x10001ab8      0x1b0 CMakeFiles/w5500_spi.dir/C_/Program_Files/Raspberry_Pi/Pico_SDK_v1.5.1/pico-sdk/src/rp2_common/hardware_irq/irq.c.obj
                0x10001ab8                irq_remove_handler
 .text.irq_add_tail_to_free_list
                0x10001c68       0xb4 CMakeFiles/w5500_spi.dir/C_/Program_Files/Raspberry_Pi/Pico_SDK_v1.5.1/pico-sdk/src/rp2_common/hardware_irq/irq.c.obj
                0x10001c68                irq_add_tail_to_free_list
 .text.irq_init_priorities
                0x10001d1c       0x24 CMakeFiles/w5500_spi.dir/C_/Program_Files/Raspberry_Pi/Pico_SDK_v1.5.1/pico-sdk/src/rp2_common/hardware_irq/irq.c.obj
                0x10001d1c                irq_init_priorities
 .text.user_irq_claim_unused
                0x10001d40       0x28 CMakeFiles/w5500_spi.dir/C_/Program_Files/Raspberry_Pi/Pico_SDK_v1.5.1/pico-sdk/src/rp2_common/hardware_irq/irq.c.obj
                0x10001d40                user_irq_claim_unused
 .text.lock_init
                0x10001d68       0x10 CMakeFiles/w5500_spi.dir/C_/Program_Files/Raspberry_Pi/Pico_SDK_v1.5.1/pico-sdk/src/common/pico_sync/lock_core.c.obj
                0x10001d68                lock_init
 .text.mutex_init
                0x10001d78       0x1c CMakeFiles/w5500_spi.dir/C_/Program_Files/Raspberry_Pi/Pico_SDK_v1.5.1/pico-sdk/src/common/pico_sync/mutex.c.obj
                0x10001d78                mutex_init
 .text.recursive_mutex_init
                0x10001d94       0x1c CMakeFiles/w5500_spi.dir/C_/Program_Files/Raspberry_Pi/Pico_SDK_v1.5.1/pico-sdk/src/common/pico_sync/mutex.c.obj
                0x10001d94                recursive_mutex_init
 .text.critical_section_init
                0x10001db0       0x20 CMakeFiles/w5500_spi.dir/C_/Program_Files/Raspberry_Pi/Pico_SDK_v1.5.1/pico-sdk/src/common/pico_sync/critical_section.c.obj
                0x10001db0                critical_section_init
 .text.critical_section_init_with_lock_num
                0x10001dd0       0x14 CMakeFiles/w5500_spi.dir/C_/Program_Files/Raspberry_Pi/Pico_SDK_v1.5.1/pico-sdk/src/common/pico_sync/critical_section.c.obj
                0x10001dd0                critical_section_init_with_lock_num
 .text.timer_pool_entry_comparator
                0x10001de4       0x34 CMakeFiles/w5500_spi.dir/C_/Program_Files/Raspberry_Pi/Pico_SDK_v1.5.1/pico-sdk/src/common/pico_time/time.c.obj
                0x10001de4                timer_pool_entry_comparator
 .text.sleep_until_callback
                0x10001e18       0x30 CMakeFiles/w5500_spi.dir/C_/Program_Files/Raspberry_Pi/Pico_SDK_v1.5.1/pico-sdk/src/common/pico_time/time.c.obj
 .text.add_alarm_under_lock.isra.0
                0x10001e48      0x100 CMakeFiles/w5500_spi.dir/C_/Program_Files/Raspberry_Pi/Pico_SDK_v1.5.1/pico-sdk/src/common/pico_time/time.c.obj
 .text.alarm_pool_alarm_callback
                0x10001f48      0x1bc CMakeFiles/w5500_spi.dir/C_/Program_Files/Raspberry_Pi/Pico_SDK_v1.5.1/pico-sdk/src/common/pico_time/time.c.obj
 .text.alarm_pool_init_default
                0x10002104       0x6c CMakeFiles/w5500_spi.dir/C_/Program_Files/Raspberry_Pi/Pico_SDK_v1.5.1/pico-sdk/src/common/pico_time/time.c.obj
                0x10002104                alarm_pool_init_default
 .text.alarm_pool_get_default
                0x10002170        0x8 CMakeFiles/w5500_spi.dir/C_/Program_Files/Raspberry_Pi/Pico_SDK_v1.5.1/pico-sdk/src/common/pico_time/time.c.obj
                0x10002170                alarm_pool_get_default
 .text.alarm_pool_add_alarm_at
                0x10002178      0x178 CMakeFiles/w5500_spi.dir/C_/Program_Files/Raspberry_Pi/Pico_SDK_v1.5.1/pico-sdk/src/common/pico_time/time.c.obj
                0x10002178                alarm_pool_add_alarm_at
 .text.alarm_pool_core_num
                0x100022f0        0x4 CMakeFiles/w5500_spi.dir/C_/Program_Files/Raspberry_Pi/Pico_SDK_v1.5.1/pico-sdk/src/common/pico_time/time.c.obj
                0x100022f0                alarm_pool_core_num
 .text.sleep_until
                0x100022f4       0xc4 CMakeFiles/w5500_spi.dir/C_/Program_Files/Raspberry_Pi/Pico_SDK_v1.5.1/pico-sdk/src/common/pico_time/time.c.obj
                0x100022f4                sleep_until
 .text.sleep_ms
                0x100023b8       0x34 CMakeFiles/w5500_spi.dir/C_/Program_Files/Raspberry_Pi/Pico_SDK_v1.5.1/pico-sdk/src/common/pico_time/time.c.obj
                0x100023b8                sleep_ms
 .text.best_effort_wfe_or_timeout
                0x100023ec       0xd4 CMakeFiles/w5500_spi.dir/C_/Program_Files/Raspberry_Pi/Pico_SDK_v1.5.1/pico-sdk/src/common/pico_time/time.c.obj
                0x100023ec                best_effort_wfe_or_timeout
 .text.hardware_alarm_irq_handler
                0x100024c0       0xbc CMakeFiles/w5500_spi.dir/C_/Program_Files/Raspberry_Pi/Pico_SDK_v1.5.1/pico-sdk/src/rp2_common/hardware_timer/timer.c.obj
 .text.hardware_alarm_claim
                0x1000257c       0x18 CMakeFiles/w5500_spi.dir/C_/Program_Files/Raspberry_Pi/Pico_SDK_v1.5.1/pico-sdk/src/rp2_common/hardware_timer/timer.c.obj
                0x1000257c                hardware_alarm_claim
 .text.time_us_64
                0x10002594       0x14 CMakeFiles/w5500_spi.dir/C_/Program_Files/Raspberry_Pi/Pico_SDK_v1.5.1/pico-sdk/src/rp2_common/hardware_timer/timer.c.obj
                0x10002594                time_us_64
 .text.busy_wait_until
                0x100025a8       0x20 CMakeFiles/w5500_spi.dir/C_/Program_Files/Raspberry_Pi/Pico_SDK_v1.5.1/pico-sdk/src/rp2_common/hardware_timer/timer.c.obj
                0x100025a8                busy_wait_until
 .text.hardware_alarm_set_callback
                0x100025c8       0x8c CMakeFiles/w5500_spi.dir/C_/Program_Files/Raspberry_Pi/Pico_SDK_v1.5.1/pico-sdk/src/rp2_common/hardware_timer/timer.c.obj
                0x100025c8                hardware_alarm_set_callback
 .text.hardware_alarm_set_target
                0x10002654       0xd4 CMakeFiles/w5500_spi.dir/C_/Program_Files/Raspberry_Pi/Pico_SDK_v1.5.1/pico-sdk/src/rp2_common/hardware_timer/timer.c.obj
                0x10002654                hardware_alarm_set_target
 .text.hardware_alarm_cancel
                0x10002728       0x3c CMakeFiles/w5500_spi.dir/C_/Program_Files/Raspberry_Pi/Pico_SDK_v1.5.1/pico-sdk/src/rp2_common/hardware_timer/timer.c.obj
                0x10002728                hardware_alarm_cancel
 .text.ph_merge_nodes
                0x10002764       0x68 CMakeFiles/w5500_spi.dir/C_/Program_Files/Raspberry_Pi/Pico_SDK_v1.5.1/pico-sdk/src/common/pico_util/pheap.c.obj
 .text.ph_post_alloc_init
                0x100027cc       0x3c CMakeFiles/w5500_spi.dir/C_/Program_Files/Raspberry_Pi/Pico_SDK_v1.5.1/pico-sdk/src/common/pico_util/pheap.c.obj
                0x100027cc                ph_post_alloc_init
 .text.ph_merge_two_pass
                0x10002808       0x90 CMakeFiles/w5500_spi.dir/C_/Program_Files/Raspberry_Pi/Pico_SDK_v1.5.1/pico-sdk/src/common/pico_util/pheap.c.obj
                0x10002808                ph_merge_two_pass
 .text.ph_remove_any_head
                0x10002898      0x100 CMakeFiles/w5500_spi.dir/C_/Program_Files/Raspberry_Pi/Pico_SDK_v1.5.1/pico-sdk/src/common/pico_util/pheap.c.obj
 .text.ph_remove_head
                0x10002998      0x104 CMakeFiles/w5500_spi.dir/C_/Program_Files/Raspberry_Pi/Pico_SDK_v1.5.1/pico-sdk/src/common/pico_util/pheap.c.obj
                0x10002998                ph_remove_head
 .text.ph_remove_and_free_node
                0x10002a9c       0x7c CMakeFiles/w5500_spi.dir/C_/Program_Files/Raspberry_Pi/Pico_SDK_v1.5.1/pico-sdk/src/common/pico_util/pheap.c.obj
                0x10002a9c                ph_remove_and_free_node
 .text.clocks_init
                0x10002b18      0x2d0 CMakeFiles/w5500_spi.dir/C_/Program_Files/Raspberry_Pi/Pico_SDK_v1.5.1/pico-sdk/src/rp2_common/hardware_clocks/clocks.c.obj
                0x10002b18                clocks_init
 .text.clock_get_hz
                0x10002de8        0xc CMakeFiles/w5500_spi.dir/C_/Program_Files/Raspberry_Pi/Pico_SDK_v1.5.1/pico-sdk/src/rp2_common/hardware_clocks/clocks.c.obj
                0x10002de8                clock_get_hz
 .text.pll_init
                0x10002df4       0xa0 CMakeFiles/w5500_spi.dir/C_/Program_Files/Raspberry_Pi/Pico_SDK_v1.5.1/pico-sdk/src/rp2_common/hardware_pll/pll.c.obj
                0x10002df4                pll_init
 .text.watchdog_start_tick
                0x10002e94       0x10 CMakeFiles/w5500_spi.dir/C_/Program_Files/Raspberry_Pi/Pico_SDK_v1.5.1/pico-sdk/src/rp2_common/hardware_watchdog/watchdog.c.obj
                0x10002e94                watchdog_start_tick
 .text.watchdog_reboot
                0x10002ea4       0x98 CMakeFiles/w5500_spi.dir/C_/Program_Files/Raspberry_Pi/Pico_SDK_v1.5.1/pico-sdk/src/rp2_common/hardware_watchdog/watchdog.c.obj
                0x10002ea4                watchdog_reboot
 .text.xosc_init
                0x10002f3c       0x28 CMakeFiles/w5500_spi.dir/C_/Program_Files/Raspberry_Pi/Pico_SDK_v1.5.1/pico-sdk/src/rp2_common/hardware_xosc/xosc.c.obj
                0x10002f3c                xosc_init
 .text.runtime_init
                0x10002f64       0xf0 CMakeFiles/w5500_spi.dir/C_/Program_Files/Raspberry_Pi/Pico_SDK_v1.5.1/pico-sdk/src/rp2_common/pico_runtime/runtime.c.obj
                0x10002f64                runtime_init
 .text._exit    0x10003054        0x4 CMakeFiles/w5500_spi.dir/C_/Program_Files/Raspberry_Pi/Pico_SDK_v1.5.1/pico-sdk/src/rp2_common/pico_runtime/runtime.c.obj
                0x10003054                _exit
 .text.exit     0x10003058        0x8 CMakeFiles/w5500_spi.dir/C_/Program_Files/Raspberry_Pi/Pico_SDK_v1.5.1/pico-sdk/src/rp2_common/pico_runtime/runtime.c.obj
                0x10003058                exit
 .text.panic    0x10003060       0x30 CMakeFiles/w5500_spi.dir/C_/Program_Files/Raspberry_Pi/Pico_SDK_v1.5.1/pico-sdk/src/rp2_common/pico_runtime/runtime.c.obj
                0x10003060                panic
 .text.hard_assertion_failure
                0x10003090        0xc CMakeFiles/w5500_spi.dir/C_/Program_Files/Raspberry_Pi/Pico_SDK_v1.5.1/pico-sdk/src/rp2_common/pico_runtime/runtime.c.obj
                0x10003090                hard_assertion_failure
 .text._out_null
                0x1000309c        0x4 CMakeFiles/w5500_spi.dir/C_/Program_Files/Raspberry_Pi/Pico_SDK_v1.5.1/pico-sdk/src/rp2_common/pico_printf/printf.c.obj
 .text._out_rev
                0x100030a0       0x9c CMakeFiles/w5500_spi.dir/C_/Program_Files/Raspberry_Pi/Pico_SDK_v1.5.1/pico-sdk/src/rp2_common/pico_printf/printf.c.obj
 .text._ntoa_format
                0x1000313c      0x1cc CMakeFiles/w5500_spi.dir/C_/Program_Files/Raspberry_Pi/Pico_SDK_v1.5.1/pico-sdk/src/rp2_common/pico_printf/printf.c.obj
 .text._out_char
                0x10003308       0x10 CMakeFiles/w5500_spi.dir/C_/Program_Files/Raspberry_Pi/Pico_SDK_v1.5.1/pico-sdk/src/rp2_common/pico_printf/printf.c.obj
 .text._out_fct
                0x10003318       0x10 CMakeFiles/w5500_spi.dir/C_/Program_Files/Raspberry_Pi/Pico_SDK_v1.5.1/pico-sdk/src/rp2_common/pico_printf/printf.c.obj
 .text._etoa    0x10003328      0x44c CMakeFiles/w5500_spi.dir/C_/Program_Files/Raspberry_Pi/Pico_SDK_v1.5.1/pico-sdk/src/rp2_common/pico_printf/printf.c.obj
 .text._ftoa    0x10003774      0x398 CMakeFiles/w5500_spi.dir/C_/Program_Files/Raspberry_Pi/Pico_SDK_v1.5.1/pico-sdk/src/rp2_common/pico_printf/printf.c.obj
 .text._vsnprintf
                0x10003b0c      0xb04 CMakeFiles/w5500_spi.dir/C_/Program_Files/Raspberry_Pi/Pico_SDK_v1.5.1/pico-sdk/src/rp2_common/pico_printf/printf.c.obj
 .text.vfctprintf
                0x10004610       0x20 CMakeFiles/w5500_spi.dir/C_/Program_Files/Raspberry_Pi/Pico_SDK_v1.5.1/pico-sdk/src/rp2_common/pico_printf/printf.c.obj
                0x10004610                vfctprintf
 .text.weak_raw_vprintf
                0x10004630       0x30 CMakeFiles/w5500_spi.dir/C_/Program_Files/Raspberry_Pi/Pico_SDK_v1.5.1/pico-sdk/src/rp2_common/pico_printf/printf.c.obj
                0x10004630                weak_raw_vprintf
 .text          0x10004660       0x10 CMakeFiles/w5500_spi.dir/C_/Program_Files/Raspberry_Pi/Pico_SDK_v1.5.1/pico-sdk/src/rp2_common/pico_bit_ops/bit_ops_aeabi.S.obj
 .text.rom_func_lookup
                0x10004670       0x10 CMakeFiles/w5500_spi.dir/C_/Program_Files/Raspberry_Pi/Pico_SDK_v1.5.1/pico-sdk/src/rp2_common/pico_bootrom/bootrom.c.obj
                0x10004670                rom_func_lookup
 .text.rom_data_lookup
                0x10004680       0x10 CMakeFiles/w5500_spi.dir/C_/Program_Files/Raspberry_Pi/Pico_SDK_v1.5.1/pico-sdk/src/rp2_common/pico_bootrom/bootrom.c.obj
                0x10004680                rom_data_lookup
 .text.rom_funcs_lookup
                0x10004690       0x44 CMakeFiles/w5500_spi.dir/C_/Program_Files/Raspberry_Pi/Pico_SDK_v1.5.1/pico-sdk/src/rp2_common/pico_bootrom/bootrom.c.obj
                0x10004690                rom_funcs_lookup
 .text.__wrap___aeabi_idiv
                0x100046d4       0x50 CMakeFiles/w5500_spi.dir/C_/Program_Files/Raspberry_Pi/Pico_SDK_v1.5.1/pico-sdk/src/rp2_common/pico_divider/divider.S.obj
                0x100046d4                __wrap___aeabi_idivmod
                0x100046d4                divmod_s32s32
                0x100046d4                div_s32s32
                0x100046d4                __wrap___aeabi_idiv
                0x100046dc                divmod_s32s32_unsafe
                0x10004708                divmod_s32s32_savestate
 .text.__wrap___aeabi_uidiv
                0x10004724       0x4c CMakeFiles/w5500_spi.dir/C_/Program_Files/Raspberry_Pi/Pico_SDK_v1.5.1/pico-sdk/src/rp2_common/pico_divider/divider.S.obj
                0x10004724                __wrap___aeabi_uidiv
                0x10004724                __wrap___aeabi_uidivmod
                0x10004724                div_u32u32
                0x10004724                divmod_u32u32
                0x1000472c                divmod_u32u32_unsafe
                0x10004754                divmod_u32u32_savestate
 .text.__wrap___aeabi_ldiv
                0x10004770      0x424 CMakeFiles/w5500_spi.dir/C_/Program_Files/Raspberry_Pi/Pico_SDK_v1.5.1/pico-sdk/src/rp2_common/pico_divider/divider.S.obj
                0x10004770                div_s64s64
                0x10004770                divmod_s64s64
                0x10004770                __wrap___aeabi_ldivmod
                0x100047a0                divmod_u64u64
                0x100047a0                div_u64u64
                0x100047a0                __wrap___aeabi_uldivmod
                0x100047b0                divmod_u64u64_savestate
                0x100047d0                divmod_s64s64_unsafe
                0x10004858                divmod_u64u64_unsafe
 .text.__wrap___aeabi_darithmetic
                0x10004b94       0x80 CMakeFiles/w5500_spi.dir/C_/Program_Files/Raspberry_Pi/Pico_SDK_v1.5.1/pico-sdk/src/rp2_common/pico_double/double_aeabi.S.obj
                0x10004b94                __wrap___aeabi_drsub
                0x10004b9a                __wrap___aeabi_dsub
                0x10004bac                __wrap___aeabi_dadd
                0x10004bbe                __wrap___aeabi_ddiv
                0x10004bfa                __wrap___aeabi_dmul
 .text.__wrap___aeabi_cdcmple
                0x10004c14       0x6c CMakeFiles/w5500_spi.dir/C_/Program_Files/Raspberry_Pi/Pico_SDK_v1.5.1/pico-sdk/src/rp2_common/pico_double/double_aeabi.S.obj
                0x10004c14                __wrap___aeabi_cdrcmple
                0x10004c24                __wrap___aeabi_cdcmpeq
                0x10004c24                __wrap___aeabi_cdcmple
 .text.__wrap___aeabi_dcmplt
                0x10004c80        0xc CMakeFiles/w5500_spi.dir/C_/Program_Files/Raspberry_Pi/Pico_SDK_v1.5.1/pico-sdk/src/rp2_common/pico_double/double_aeabi.S.obj
                0x10004c80                __wrap___aeabi_dcmplt
 .text.__wrap___aeabi_dcmple
                0x10004c8c       0x10 CMakeFiles/w5500_spi.dir/C_/Program_Files/Raspberry_Pi/Pico_SDK_v1.5.1/pico-sdk/src/rp2_common/pico_double/double_aeabi.S.obj
                0x10004c8c                __wrap___aeabi_dcmple
 .text.__wrap___aeabi_dcmpge
                0x10004c9c       0x10 CMakeFiles/w5500_spi.dir/C_/Program_Files/Raspberry_Pi/Pico_SDK_v1.5.1/pico-sdk/src/rp2_common/pico_double/double_aeabi.S.obj
                0x10004c9c                __wrap___aeabi_dcmpge
 .text.__wrap___aeabi_dcmpgt
                0x10004cac        0xa CMakeFiles/w5500_spi.dir/C_/Program_Files/Raspberry_Pi/Pico_SDK_v1.5.1/pico-sdk/src/rp2_common/pico_double/double_aeabi.S.obj
                0x10004cac                __wrap___aeabi_dcmpgt
 .text.__wrap___aeabi_dcmpun
                0x10004cb6       0x1c CMakeFiles/w5500_spi.dir/C_/Program_Files/Raspberry_Pi/Pico_SDK_v1.5.1/pico-sdk/src/rp2_common/pico_double/double_aeabi.S.obj
                0x10004cb6                __wrap___aeabi_dcmpun
 *fill*         0x10004cd2        0x2 
 .text.__wrap___aeabi_i2d
                0x10004cd4       0x38 CMakeFiles/w5500_spi.dir/C_/Program_Files/Raspberry_Pi/Pico_SDK_v1.5.1/pico-sdk/src/rp2_common/pico_double/double_aeabi.S.obj
                0x10004cd4                __wrap___aeabi_ui2d
                0x10004cdc                __wrap___aeabi_i2d
 .text.__wrap___aeabi_d2iz
                0x10004d0c       0x48 CMakeFiles/w5500_spi.dir/C_/Program_Files/Raspberry_Pi/Pico_SDK_v1.5.1/pico-sdk/src/rp2_common/pico_double/double_aeabi.S.obj
                0x10004d0c                double2int_z
                0x10004d0c                __wrap___aeabi_d2iz
 .text.__wrap___aeabi_d2uiz
                0x10004d54       0x18 CMakeFiles/w5500_spi.dir/C_/Program_Files/Raspberry_Pi/Pico_SDK_v1.5.1/pico-sdk/src/rp2_common/pico_double/double_aeabi.S.obj
                0x10004d54                __wrap___aeabi_d2uiz
                0x10004d54                double2uint
 .text.__aeabi_double_init
                0x10004d6c       0x94 CMakeFiles/w5500_spi.dir/C_/Program_Files/Raspberry_Pi/Pico_SDK_v1.5.1/pico-sdk/src/rp2_common/pico_double/double_init_rom.c.obj
                0x10004d6c                __aeabi_double_init
 .text.double_table_shim_on_use_helper
                0x10004e00       0x2c CMakeFiles/w5500_spi.dir/C_/Program_Files/Raspberry_Pi/Pico_SDK_v1.5.1/pico-sdk/src/rp2_common/pico_double/double_v1_rom_shim.S.obj
                0x10004e00                double_table_shim_on_use_helper
 .text.__wrap___aeabi_dsub
                0x10004e2c       0x10 CMakeFiles/w5500_spi.dir/C_/Program_Files/Raspberry_Pi/Pico_SDK_v1.5.1/pico-sdk/src/rp2_common/pico_double/double_v1_rom_shim.S.obj
                0x10004e2c                drsub_shim
                0x10004e32                dsub_shim
 .text.dadd_shim
                0x10004e3c      0x15c CMakeFiles/w5500_spi.dir/C_/Program_Files/Raspberry_Pi/Pico_SDK_v1.5.1/pico-sdk/src/rp2_common/pico_double/double_v1_rom_shim.S.obj
                0x10004e3c                dadd_shim
 .text.dmul_shim
                0x10004f98      0x15c CMakeFiles/w5500_spi.dir/C_/Program_Files/Raspberry_Pi/Pico_SDK_v1.5.1/pico-sdk/src/rp2_common/pico_double/double_v1_rom_shim.S.obj
                0x10004f98                dmul_shim
 .text.ddiv_shim
                0x100050f4      0x1b0 CMakeFiles/w5500_spi.dir/C_/Program_Files/Raspberry_Pi/Pico_SDK_v1.5.1/pico-sdk/src/rp2_common/pico_double/double_v1_rom_shim.S.obj
                0x100050f4                ddiv_shim
 .text.double2uint_shim
                0x100052a4        0xe CMakeFiles/w5500_spi.dir/C_/Program_Files/Raspberry_Pi/Pico_SDK_v1.5.1/pico-sdk/src/rp2_common/pico_double/double_v1_rom_shim.S.obj
                0x100052a4                double2uint_shim
                0x100052a6                double2ufix_shim
 *fill*         0x100052b2        0x2 
 .text.double2uint64_shim
                0x100052b4       0x70 CMakeFiles/w5500_spi.dir/C_/Program_Files/Raspberry_Pi/Pico_SDK_v1.5.1/pico-sdk/src/rp2_common/pico_double/double_v1_rom_shim.S.obj
                0x100052b4                double2uint64_shim
                0x100052b6                double2ufix64_shim
                0x100052d6                d2fix_a
 .text.dunpacks
                0x10005324       0x3c CMakeFiles/w5500_spi.dir/C_/Program_Files/Raspberry_Pi/Pico_SDK_v1.5.1/pico-sdk/src/rp2_common/pico_double/double_v1_rom_shim.S.obj
                0x10005324                dunpacks
 .text.__aeabi_lmul
                0x10005360       0x32 CMakeFiles/w5500_spi.dir/C_/Program_Files/Raspberry_Pi/Pico_SDK_v1.5.1/pico-sdk/src/rp2_common/pico_int64_ops/pico_int64_ops_aeabi.S.obj
                0x10005360                __wrap___aeabi_lmul
 *fill*         0x10005392        0x2 
 .text.__aeabi_float_init
                0x10005394       0x64 CMakeFiles/w5500_spi.dir/C_/Program_Files/Raspberry_Pi/Pico_SDK_v1.5.1/pico-sdk/src/rp2_common/pico_float/float_init_rom.c.obj
                0x10005394                __aeabi_float_init
 .text.float_table_shim_on_use_helper
                0x100053f8       0x2c CMakeFiles/w5500_spi.dir/C_/Program_Files/Raspberry_Pi/Pico_SDK_v1.5.1/pico-sdk/src/rp2_common/pico_float/float_v1_rom_shim.S.obj
                0x100053f8                float_table_shim_on_use_helper
 .text          0x10005424       0x10 CMakeFiles/w5500_spi.dir/C_/Program_Files/Raspberry_Pi/Pico_SDK_v1.5.1/pico-sdk/src/rp2_common/pico_mem_ops/mem_ops_aeabi.S.obj
                0x10005424                __aeabi_mem_init
 .text.memset   0x10005434        0xc CMakeFiles/w5500_spi.dir/C_/Program_Files/Raspberry_Pi/Pico_SDK_v1.5.1/pico-sdk/src/rp2_common/pico_mem_ops/mem_ops_aeabi.S.obj
                0x10005434                __wrap_memset
 .text.memcpy   0x10005440        0xc CMakeFiles/w5500_spi.dir/C_/Program_Files/Raspberry_Pi/Pico_SDK_v1.5.1/pico-sdk/src/rp2_common/pico_mem_ops/mem_ops_aeabi.S.obj
                0x10005440                __wrap_memcpy
                0x10005440                __wrap___aeabi_memcpy
 .text.stdio_out_chars_no_crlf
                0x1000544c       0x10 CMakeFiles/w5500_spi.dir/C_/Program_Files/Raspberry_Pi/Pico_SDK_v1.5.1/pico-sdk/src/rp2_common/pico_stdio/stdio.c.obj
 .text.stdio_out_chars_crlf
                0x1000545c       0xb4 CMakeFiles/w5500_spi.dir/C_/Program_Files/Raspberry_Pi/Pico_SDK_v1.5.1/pico-sdk/src/rp2_common/pico_stdio/stdio.c.obj
 .text.stdio_buffered_printer
                0x10005510       0x64 CMakeFiles/w5500_spi.dir/C_/Program_Files/Raspberry_Pi/Pico_SDK_v1.5.1/pico-sdk/src/rp2_common/pico_stdio/stdio.c.obj
 .text.stdio_put_string.isra.0
                0x10005574       0xfc CMakeFiles/w5500_spi.dir/C_/Program_Files/Raspberry_Pi/Pico_SDK_v1.5.1/pico-sdk/src/rp2_common/pico_stdio/stdio.c.obj
 .text.__wrap_putchar
                0x10005670       0x98 CMakeFiles/w5500_spi.dir/C_/Program_Files/Raspberry_Pi/Pico_SDK_v1.5.1/pico-sdk/src/rp2_common/pico_stdio/stdio.c.obj
                0x10005670                __wrap_putchar
 .text.__wrap_puts
                0x10005708       0x3c CMakeFiles/w5500_spi.dir/C_/Program_Files/Raspberry_Pi/Pico_SDK_v1.5.1/pico-sdk/src/rp2_common/pico_stdio/stdio.c.obj
                0x10005708                __wrap_puts
 .text.stdio_set_driver_enabled
                0x10005744       0x30 CMakeFiles/w5500_spi.dir/C_/Program_Files/Raspberry_Pi/Pico_SDK_v1.5.1/pico-sdk/src/rp2_common/pico_stdio/stdio.c.obj
                0x10005744                stdio_set_driver_enabled
 .text.__wrap_vprintf
                0x10005774       0xd8 CMakeFiles/w5500_spi.dir/C_/Program_Files/Raspberry_Pi/Pico_SDK_v1.5.1/pico-sdk/src/rp2_common/pico_stdio/stdio.c.obj
                0x10005774                __wrap_vprintf
 .text.__wrap_printf
                0x1000584c       0x18 CMakeFiles/w5500_spi.dir/C_/Program_Files/Raspberry_Pi/Pico_SDK_v1.5.1/pico-sdk/src/rp2_common/pico_stdio/stdio.c.obj
                0x1000584c                __wrap_printf
 .text.stdio_init_all
                0x10005864        0x8 CMakeFiles/w5500_spi.dir/C_/Program_Files/Raspberry_Pi/Pico_SDK_v1.5.1/pico-sdk/src/rp2_common/pico_stdio/stdio.c.obj
                0x10005864                stdio_init_all
 .text.resetd_init
                0x1000586c        0x4 CMakeFiles/w5500_spi.dir/C_/Program_Files/Raspberry_Pi/Pico_SDK_v1.5.1/pico-sdk/src/rp2_common/pico_stdio_usb/reset_interface.c.obj
 .text.resetd_reset
                0x10005870        0xc CMakeFiles/w5500_spi.dir/C_/Program_Files/Raspberry_Pi/Pico_SDK_v1.5.1/pico-sdk/src/rp2_common/pico_stdio_usb/reset_interface.c.obj
 .text.resetd_open
                0x1000587c       0x28 CMakeFiles/w5500_spi.dir/C_/Program_Files/Raspberry_Pi/Pico_SDK_v1.5.1/pico-sdk/src/rp2_common/pico_stdio_usb/reset_interface.c.obj
 .text.resetd_xfer_cb
                0x100058a4        0x4 CMakeFiles/w5500_spi.dir/C_/Program_Files/Raspberry_Pi/Pico_SDK_v1.5.1/pico-sdk/src/rp2_common/pico_stdio_usb/reset_interface.c.obj
 .text.resetd_control_xfer_cb
                0x100058a8       0x64 CMakeFiles/w5500_spi.dir/C_/Program_Files/Raspberry_Pi/Pico_SDK_v1.5.1/pico-sdk/src/rp2_common/pico_stdio_usb/reset_interface.c.obj
 .text.usbd_app_driver_get_cb
                0x1000590c        0xc CMakeFiles/w5500_spi.dir/C_/Program_Files/Raspberry_Pi/Pico_SDK_v1.5.1/pico-sdk/src/rp2_common/pico_stdio_usb/reset_interface.c.obj
                0x1000590c                usbd_app_driver_get_cb
 .text.tud_cdc_line_coding_cb
                0x10005918       0x34 CMakeFiles/w5500_spi.dir/C_/Program_Files/Raspberry_Pi/Pico_SDK_v1.5.1/pico-sdk/src/rp2_common/pico_stdio_usb/reset_interface.c.obj
                0x10005918                tud_cdc_line_coding_cb
 .text.stdio_usb_set_chars_available_callback
                0x1000594c       0x14 CMakeFiles/w5500_spi.dir/C_/Program_Files/Raspberry_Pi/Pico_SDK_v1.5.1/pico-sdk/src/rp2_common/pico_stdio_usb/stdio_usb.c.obj
                0x1000594c                stdio_usb_set_chars_available_callback
 .text.usb_irq  0x10005960       0x10 CMakeFiles/w5500_spi.dir/C_/Program_Files/Raspberry_Pi/Pico_SDK_v1.5.1/pico-sdk/src/rp2_common/pico_stdio_usb/stdio_usb.c.obj
 .text.timer_task
                0x10005970       0x54 CMakeFiles/w5500_spi.dir/C_/Program_Files/Raspberry_Pi/Pico_SDK_v1.5.1/pico-sdk/src/rp2_common/pico_stdio_usb/stdio_usb.c.obj
 .text.stdio_usb_in_chars
                0x100059c4       0x90 CMakeFiles/w5500_spi.dir/C_/Program_Files/Raspberry_Pi/Pico_SDK_v1.5.1/pico-sdk/src/rp2_common/pico_stdio_usb/stdio_usb.c.obj
                0x100059c4                stdio_usb_in_chars
 .text.stdio_usb_out_chars
                0x10005a54      0x100 CMakeFiles/w5500_spi.dir/C_/Program_Files/Raspberry_Pi/Pico_SDK_v1.5.1/pico-sdk/src/rp2_common/pico_stdio_usb/stdio_usb.c.obj
 .text.low_priority_worker_irq
                0x10005b54       0xa8 CMakeFiles/w5500_spi.dir/C_/Program_Files/Raspberry_Pi/Pico_SDK_v1.5.1/pico-sdk/src/rp2_common/pico_stdio_usb/stdio_usb.c.obj
 .text.tud_cdc_rx_cb
                0x10005bfc       0x20 CMakeFiles/w5500_spi.dir/C_/Program_Files/Raspberry_Pi/Pico_SDK_v1.5.1/pico-sdk/src/rp2_common/pico_stdio_usb/stdio_usb.c.obj
                0x10005bfc                tud_cdc_rx_cb
 .text.stdio_usb_init
                0x10005c1c       0xdc CMakeFiles/w5500_spi.dir/C_/Program_Files/Raspberry_Pi/Pico_SDK_v1.5.1/pico-sdk/src/rp2_common/pico_stdio_usb/stdio_usb.c.obj
                0x10005c1c                stdio_usb_init
 .text.tud_descriptor_device_cb
                0x10005cf8        0x8 CMakeFiles/w5500_spi.dir/C_/Program_Files/Raspberry_Pi/Pico_SDK_v1.5.1/pico-sdk/src/rp2_common/pico_stdio_usb/stdio_usb_descriptors.c.obj
                0x10005cf8                tud_descriptor_device_cb
 .text.tud_descriptor_configuration_cb
                0x10005d00        0x8 CMakeFiles/w5500_spi.dir/C_/Program_Files/Raspberry_Pi/Pico_SDK_v1.5.1/pico-sdk/src/rp2_common/pico_stdio_usb/stdio_usb_descriptors.c.obj
                0x10005d00                tud_descriptor_configuration_cb
 .text.tud_descriptor_string_cb
                0x10005d08       0x74 CMakeFiles/w5500_spi.dir/C_/Program_Files/Raspberry_Pi/Pico_SDK_v1.5.1/pico-sdk/src/rp2_common/pico_stdio_usb/stdio_usb_descriptors.c.obj
                0x10005d08                tud_descriptor_string_cb
 .text.startup._retrieve_unique_id_on_boot
                0x10005d7c       0x10 CMakeFiles/w5500_spi.dir/C_/Program_Files/Raspberry_Pi/Pico_SDK_v1.5.1/pico-sdk/src/rp2_common/pico_unique_id/unique_id.c.obj
 .text.pico_get_unique_board_id_string
                0x10005d8c      0x1a8 CMakeFiles/w5500_spi.dir/C_/Program_Files/Raspberry_Pi/Pico_SDK_v1.5.1/pico-sdk/src/rp2_common/pico_unique_id/unique_id.c.obj
                0x10005d8c                pico_get_unique_board_id_string
 .text.flash_get_unique_id
                0x10005f34       0x40 CMakeFiles/w5500_spi.dir/C_/Program_Files/Raspberry_Pi/Pico_SDK_v1.5.1/pico-sdk/src/rp2_common/hardware_flash/flash.c.obj
                0x10005f34                flash_get_unique_id
 .text.dcd_int_enable
                0x10005f74        0xc CMakeFiles/w5500_spi.dir/C_/Program_Files/Raspberry_Pi/Pico_SDK_v1.5.1/pico-sdk/lib/tinyusb/src/portable/raspberrypi/rp2040/dcd_rp2040.c.obj
                0x10005f74                dcd_int_enable
 .text.dcd_set_address
                0x10005f80       0x14 CMakeFiles/w5500_spi.dir/C_/Program_Files/Raspberry_Pi/Pico_SDK_v1.5.1/pico-sdk/lib/tinyusb/src/portable/raspberrypi/rp2040/dcd_rp2040.c.obj
                0x10005f80                dcd_set_address
 .text.dcd_connect
                0x10005f94       0x10 CMakeFiles/w5500_spi.dir/C_/Program_Files/Raspberry_Pi/Pico_SDK_v1.5.1/pico-sdk/lib/tinyusb/src/portable/raspberrypi/rp2040/dcd_rp2040.c.obj
                0x10005f94                dcd_connect
 .text.dcd_init
                0x10005fa4       0x98 CMakeFiles/w5500_spi.dir/C_/Program_Files/Raspberry_Pi/Pico_SDK_v1.5.1/pico-sdk/lib/tinyusb/src/portable/raspberrypi/rp2040/dcd_rp2040.c.obj
                0x10005fa4                dcd_init
 .text.dcd_edpt0_status_complete
                0x1000603c       0x1c CMakeFiles/w5500_spi.dir/C_/Program_Files/Raspberry_Pi/Pico_SDK_v1.5.1/pico-sdk/lib/tinyusb/src/portable/raspberrypi/rp2040/dcd_rp2040.c.obj
                0x1000603c                dcd_edpt0_status_complete
 .text.dcd_edpt_open
                0x10006058      0x108 CMakeFiles/w5500_spi.dir/C_/Program_Files/Raspberry_Pi/Pico_SDK_v1.5.1/pico-sdk/lib/tinyusb/src/portable/raspberrypi/rp2040/dcd_rp2040.c.obj
                0x10006058                dcd_edpt_open
 .text.dcd_edpt_close_all
                0x10006160        0x8 CMakeFiles/w5500_spi.dir/C_/Program_Files/Raspberry_Pi/Pico_SDK_v1.5.1/pico-sdk/lib/tinyusb/src/portable/raspberrypi/rp2040/dcd_rp2040.c.obj
                0x10006160                dcd_edpt_close_all
 .text.dcd_edpt_xfer
                0x10006168       0x24 CMakeFiles/w5500_spi.dir/C_/Program_Files/Raspberry_Pi/Pico_SDK_v1.5.1/pico-sdk/lib/tinyusb/src/portable/raspberrypi/rp2040/dcd_rp2040.c.obj
                0x10006168                dcd_edpt_xfer
 .text.dcd_edpt_stall
                0x1000618c       0x38 CMakeFiles/w5500_spi.dir/C_/Program_Files/Raspberry_Pi/Pico_SDK_v1.5.1/pico-sdk/lib/tinyusb/src/portable/raspberrypi/rp2040/dcd_rp2040.c.obj
                0x1000618c                dcd_edpt_stall
 .text.dcd_edpt_clear_stall
                0x100061c4       0x30 CMakeFiles/w5500_spi.dir/C_/Program_Files/Raspberry_Pi/Pico_SDK_v1.5.1/pico-sdk/lib/tinyusb/src/portable/raspberrypi/rp2040/dcd_rp2040.c.obj
                0x100061c4                dcd_edpt_clear_stall
 .text.rp2040_usb_init
                0x100061f4       0x4c CMakeFiles/w5500_spi.dir/C_/Program_Files/Raspberry_Pi/Pico_SDK_v1.5.1/pico-sdk/lib/tinyusb/src/portable/raspberrypi/rp2040/rp2040_usb.c.obj
                0x100061f4                rp2040_usb_init
 .text.hw_endpoint_xfer_start
                0x10006240       0x50 CMakeFiles/w5500_spi.dir/C_/Program_Files/Raspberry_Pi/Pico_SDK_v1.5.1/pico-sdk/lib/tinyusb/src/portable/raspberrypi/rp2040/rp2040_usb.c.obj
                0x10006240                hw_endpoint_xfer_start
 .text.tud_mounted
                0x10006290       0x10 CMakeFiles/w5500_spi.dir/C_/Program_Files/Raspberry_Pi/Pico_SDK_v1.5.1/pico-sdk/lib/tinyusb/src/device/usbd.c.obj
                0x10006290                tud_mounted
 .text.tud_suspended
                0x100062a0       0x10 CMakeFiles/w5500_spi.dir/C_/Program_Files/Raspberry_Pi/Pico_SDK_v1.5.1/pico-sdk/lib/tinyusb/src/device/usbd.c.obj
                0x100062a0                tud_suspended
 .text.tud_inited
                0x100062b0       0x14 CMakeFiles/w5500_spi.dir/C_/Program_Files/Raspberry_Pi/Pico_SDK_v1.5.1/pico-sdk/lib/tinyusb/src/device/usbd.c.obj
                0x100062b0                tud_inited
 .text.tud_init
                0x100062c4       0xe4 CMakeFiles/w5500_spi.dir/C_/Program_Files/Raspberry_Pi/Pico_SDK_v1.5.1/pico-sdk/lib/tinyusb/src/device/usbd.c.obj
                0x100062c4                tud_init
 .text.tud_task_ext
                0x100063a8      0x854 CMakeFiles/w5500_spi.dir/C_/Program_Files/Raspberry_Pi/Pico_SDK_v1.5.1/pico-sdk/lib/tinyusb/src/device/usbd.c.obj
                0x100063a8                tud_task_ext
 .text.usbd_open_edpt_pair
                0x10006bfc       0x9c CMakeFiles/w5500_spi.dir/C_/Program_Files/Raspberry_Pi/Pico_SDK_v1.5.1/pico-sdk/lib/tinyusb/src/device/usbd.c.obj
                0x10006bfc                usbd_open_edpt_pair
 .text.usbd_defer_func
                0x10006c98       0x48 CMakeFiles/w5500_spi.dir/C_/Program_Files/Raspberry_Pi/Pico_SDK_v1.5.1/pico-sdk/lib/tinyusb/src/device/usbd.c.obj
                0x10006c98                usbd_defer_func
 .text.usbd_edpt_open
                0x10006ce0       0x34 CMakeFiles/w5500_spi.dir/C_/Program_Files/Raspberry_Pi/Pico_SDK_v1.5.1/pico-sdk/lib/tinyusb/src/device/usbd.c.obj
                0x10006ce0                usbd_edpt_open
 .text.usbd_edpt_claim
                0x10006d14       0x28 CMakeFiles/w5500_spi.dir/C_/Program_Files/Raspberry_Pi/Pico_SDK_v1.5.1/pico-sdk/lib/tinyusb/src/device/usbd.c.obj
                0x10006d14                usbd_edpt_claim
 .text.usbd_edpt_release
                0x10006d3c       0x28 CMakeFiles/w5500_spi.dir/C_/Program_Files/Raspberry_Pi/Pico_SDK_v1.5.1/pico-sdk/lib/tinyusb/src/device/usbd.c.obj
                0x10006d3c                usbd_edpt_release
 .text.usbd_edpt_xfer
                0x10006d64       0x4c CMakeFiles/w5500_spi.dir/C_/Program_Files/Raspberry_Pi/Pico_SDK_v1.5.1/pico-sdk/lib/tinyusb/src/device/usbd.c.obj
                0x10006d64                usbd_edpt_xfer
 .text.tud_control_status
                0x10006db0       0x30 CMakeFiles/w5500_spi.dir/C_/Program_Files/Raspberry_Pi/Pico_SDK_v1.5.1/pico-sdk/lib/tinyusb/src/device/usbd_control.c.obj
                0x10006db0                tud_control_status
 .text.tud_control_xfer
                0x10006de0       0xbc CMakeFiles/w5500_spi.dir/C_/Program_Files/Raspberry_Pi/Pico_SDK_v1.5.1/pico-sdk/lib/tinyusb/src/device/usbd_control.c.obj
                0x10006de0                tud_control_xfer
 .text.usbd_control_reset
                0x10006e9c       0x14 CMakeFiles/w5500_spi.dir/C_/Program_Files/Raspberry_Pi/Pico_SDK_v1.5.1/pico-sdk/lib/tinyusb/src/device/usbd_control.c.obj
                0x10006e9c                usbd_control_reset
 .text.usbd_control_set_complete_callback
                0x10006eb0        0xc CMakeFiles/w5500_spi.dir/C_/Program_Files/Raspberry_Pi/Pico_SDK_v1.5.1/pico-sdk/lib/tinyusb/src/device/usbd_control.c.obj
                0x10006eb0                usbd_control_set_complete_callback
 .text.usbd_control_set_request
                0x10006ebc       0x1c CMakeFiles/w5500_spi.dir/C_/Program_Files/Raspberry_Pi/Pico_SDK_v1.5.1/pico-sdk/lib/tinyusb/src/device/usbd_control.c.obj
                0x10006ebc                usbd_control_set_request
 .text.usbd_control_xfer_cb
                0x10006ed8       0xfc CMakeFiles/w5500_spi.dir/C_/Program_Files/Raspberry_Pi/Pico_SDK_v1.5.1/pico-sdk/lib/tinyusb/src/device/usbd_control.c.obj
                0x10006ed8                usbd_control_xfer_cb
 .text.tud_cdc_n_connected
                0x10006fd4       0x30 CMakeFiles/w5500_spi.dir/C_/Program_Files/Raspberry_Pi/Pico_SDK_v1.5.1/pico-sdk/lib/tinyusb/src/class/cdc/cdc_device.c.obj
                0x10006fd4                tud_cdc_n_connected
 .text.tud_cdc_n_available
                0x10007004       0x18 CMakeFiles/w5500_spi.dir/C_/Program_Files/Raspberry_Pi/Pico_SDK_v1.5.1/pico-sdk/lib/tinyusb/src/class/cdc/cdc_device.c.obj
                0x10007004                tud_cdc_n_available
 .text.tud_cdc_n_read
                0x1000701c       0x70 CMakeFiles/w5500_spi.dir/C_/Program_Files/Raspberry_Pi/Pico_SDK_v1.5.1/pico-sdk/lib/tinyusb/src/class/cdc/cdc_device.c.obj
                0x1000701c                tud_cdc_n_read
 .text.tud_cdc_n_write_flush
                0x1000708c       0x78 CMakeFiles/w5500_spi.dir/C_/Program_Files/Raspberry_Pi/Pico_SDK_v1.5.1/pico-sdk/lib/tinyusb/src/class/cdc/cdc_device.c.obj
                0x1000708c                tud_cdc_n_write_flush
 .text.tud_cdc_n_write
                0x10007104       0x34 CMakeFiles/w5500_spi.dir/C_/Program_Files/Raspberry_Pi/Pico_SDK_v1.5.1/pico-sdk/lib/tinyusb/src/class/cdc/cdc_device.c.obj
                0x10007104                tud_cdc_n_write
 .text.tud_cdc_n_write_available
                0x10007138       0x18 CMakeFiles/w5500_spi.dir/C_/Program_Files/Raspberry_Pi/Pico_SDK_v1.5.1/pico-sdk/lib/tinyusb/src/class/cdc/cdc_device.c.obj
                0x10007138                tud_cdc_n_write_available
 .text.cdcd_init
                0x10007150       0x7c CMakeFiles/w5500_spi.dir/C_/Program_Files/Raspberry_Pi/Pico_SDK_v1.5.1/pico-sdk/lib/tinyusb/src/class/cdc/cdc_device.c.obj
                0x10007150                cdcd_init
 .text.cdcd_reset
                0x100071cc       0x2c CMakeFiles/w5500_spi.dir/C_/Program_Files/Raspberry_Pi/Pico_SDK_v1.5.1/pico-sdk/lib/tinyusb/src/class/cdc/cdc_device.c.obj
                0x100071cc                cdcd_reset
 .text.cdcd_open
                0x100071f8       0xe8 CMakeFiles/w5500_spi.dir/C_/Program_Files/Raspberry_Pi/Pico_SDK_v1.5.1/pico-sdk/lib/tinyusb/src/class/cdc/cdc_device.c.obj
                0x100071f8                cdcd_open
 .text.cdcd_control_xfer_cb
                0x100072e0       0xe4 CMakeFiles/w5500_spi.dir/C_/Program_Files/Raspberry_Pi/Pico_SDK_v1.5.1/pico-sdk/lib/tinyusb/src/class/cdc/cdc_device.c.obj
                0x100072e0                cdcd_control_xfer_cb
 .text.cdcd_xfer_cb
                0x100073c4      0x148 CMakeFiles/w5500_spi.dir/C_/Program_Files/Raspberry_Pi/Pico_SDK_v1.5.1/pico-sdk/lib/tinyusb/src/class/cdc/cdc_device.c.obj
                0x100073c4                cdcd_xfer_cb
 .text.tusb_init
                0x1000750c        0xc CMakeFiles/w5500_spi.dir/C_/Program_Files/Raspberry_Pi/Pico_SDK_v1.5.1/pico-sdk/lib/tinyusb/src/tusb.c.obj
                0x1000750c                tusb_init
 .text.tusb_inited
                0x10007518        0x8 CMakeFiles/w5500_spi.dir/C_/Program_Files/Raspberry_Pi/Pico_SDK_v1.5.1/pico-sdk/lib/tinyusb/src/tusb.c.obj
                0x10007518                tusb_inited
 .text.tu_edpt_claim
                0x10007520       0x50 CMakeFiles/w5500_spi.dir/C_/Program_Files/Raspberry_Pi/Pico_SDK_v1.5.1/pico-sdk/lib/tinyusb/src/tusb.c.obj
                0x10007520                tu_edpt_claim
 .text.tu_edpt_release
                0x10007570       0x38 CMakeFiles/w5500_spi.dir/C_/Program_Files/Raspberry_Pi/Pico_SDK_v1.5.1/pico-sdk/lib/tinyusb/src/tusb.c.obj
                0x10007570                tu_edpt_release
 .text.tu_edpt_validate
                0x100075a8       0x78 CMakeFiles/w5500_spi.dir/C_/Program_Files/Raspberry_Pi/Pico_SDK_v1.5.1/pico-sdk/lib/tinyusb/src/tusb.c.obj
                0x100075a8                tu_edpt_validate
 .text.tu_edpt_bind_driver
                0x10007620       0x34 CMakeFiles/w5500_spi.dir/C_/Program_Files/Raspberry_Pi/Pico_SDK_v1.5.1/pico-sdk/lib/tinyusb/src/tusb.c.obj
                0x10007620                tu_edpt_bind_driver
 .text.tu_fifo_config
                0x10007654       0x70 CMakeFiles/w5500_spi.dir/C_/Program_Files/Raspberry_Pi/Pico_SDK_v1.5.1/pico-sdk/lib/tinyusb/src/common/tusb_fifo.c.obj
                0x10007654                tu_fifo_config
 .text.tu_fifo_count
                0x100076c4       0x2c CMakeFiles/w5500_spi.dir/C_/Program_Files/Raspberry_Pi/Pico_SDK_v1.5.1/pico-sdk/lib/tinyusb/src/common/tusb_fifo.c.obj
                0x100076c4                tu_fifo_count
 .text.tu_fifo_empty
                0x100076f0       0x10 CMakeFiles/w5500_spi.dir/C_/Program_Files/Raspberry_Pi/Pico_SDK_v1.5.1/pico-sdk/lib/tinyusb/src/common/tusb_fifo.c.obj
                0x100076f0                tu_fifo_empty
 .text.tu_fifo_remaining
                0x10007700       0x2c CMakeFiles/w5500_spi.dir/C_/Program_Files/Raspberry_Pi/Pico_SDK_v1.5.1/pico-sdk/lib/tinyusb/src/common/tusb_fifo.c.obj
                0x10007700                tu_fifo_remaining
 .text.tu_fifo_read
                0x1000772c       0xa0 CMakeFiles/w5500_spi.dir/C_/Program_Files/Raspberry_Pi/Pico_SDK_v1.5.1/pico-sdk/lib/tinyusb/src/common/tusb_fifo.c.obj
                0x1000772c                tu_fifo_read
 .text.tu_fifo_read_n
                0x100077cc       0xec CMakeFiles/w5500_spi.dir/C_/Program_Files/Raspberry_Pi/Pico_SDK_v1.5.1/pico-sdk/lib/tinyusb/src/common/tusb_fifo.c.obj
                0x100077cc                tu_fifo_read_n
 .text.tu_fifo_write
                0x100078b8       0x88 CMakeFiles/w5500_spi.dir/C_/Program_Files/Raspberry_Pi/Pico_SDK_v1.5.1/pico-sdk/lib/tinyusb/src/common/tusb_fifo.c.obj
                0x100078b8                tu_fifo_write
 .text.tu_fifo_write_n
                0x10007940      0x168 CMakeFiles/w5500_spi.dir/C_/Program_Files/Raspberry_Pi/Pico_SDK_v1.5.1/pico-sdk/lib/tinyusb/src/common/tusb_fifo.c.obj
                0x10007940                tu_fifo_write_n
 .text.tu_fifo_clear
                0x10007aa8       0x40 CMakeFiles/w5500_spi.dir/C_/Program_Files/Raspberry_Pi/Pico_SDK_v1.5.1/pico-sdk/lib/tinyusb/src/common/tusb_fifo.c.obj
                0x10007aa8                tu_fifo_clear
 .text.tu_fifo_set_overwritable
                0x10007ae8       0x48 CMakeFiles/w5500_spi.dir/C_/Program_Files/Raspberry_Pi/Pico_SDK_v1.5.1/pico-sdk/lib/tinyusb/src/common/tusb_fifo.c.obj
                0x10007ae8                tu_fifo_set_overwritable
 .text.spi_init
                0x10007b30      0x138 CMakeFiles/w5500_spi.dir/C_/Program_Files/Raspberry_Pi/Pico_SDK_v1.5.1/pico-sdk/src/rp2_common/hardware_spi/spi.c.obj
                0x10007b30                spi_init
 .text.strlen   0x10007c68       0x5c c:/progra~1/raspbe~1/picosd~1.1/gcc-ar~1/bin/../lib/gcc/arm-none-eabi/10.3.1/../../../../arm-none-eabi/lib/thumb/v6-m/nofp\libc.a(lib_a-strlen-stub.o)
                0x10007c68                strlen
 *(.fini)
 .fini          0x10007cc4        0x4 c:/progra~1/raspbe~1/picosd~1.1/gcc-ar~1/bin/../lib/gcc/arm-none-eabi/10.3.1/thumb/v6-m/nofp/crti.o
                0x10007cc4                _fini
 .fini.__stub   0x10007cc8       0xf0 linker stubs
 *crtbegin.o(.ctors)
 *crtbegin?.o(.ctors)
 *(EXCLUDE_FILE(*crtend.o *crtend?.o) .ctors)
 *(SORT_BY_NAME(.ctors.*))
 *(.ctors)
 *crtbegin.o(.dtors)
 *crtbegin?.o(.dtors)
 *(EXCLUDE_FILE(*crtend.o *crtend?.o) .dtors)
 *(SORT_BY_NAME(.dtors.*))
 *(.dtors)
 *(.eh_frame*)
 .eh_frame      0x10007db8        0x0 c:/progra~1/raspbe~1/picosd~1.1/gcc-ar~1/bin/../lib/gcc/arm-none-eabi/10.3.1/thumb/v6-m/nofp/crtbegin.o
                0x10007db8                . = ALIGN (0x4)

.glue_7         0x10007db8        0x0
 .glue_7        0x10007db8        0x0 linker stubs

.glue_7t        0x10007db8        0x0
 .glue_7t       0x10007db8        0x0 linker stubs

.vfp11_veneer   0x10007db8        0x0
 .vfp11_veneer  0x10007db8        0x0 linker stubs

.v4_bx          0x10007db8        0x0
 .v4_bx         0x10007db8        0x0 linker stubs

.iplt           0x10007db8        0x0
 .iplt          0x10007db8        0x0 c:/progra~1/raspbe~1/picosd~1.1/gcc-ar~1/bin/../lib/gcc/arm-none-eabi/10.3.1/thumb/v6-m/nofp/crtbegin.o

.rodata         0x10007db8      0x730
 *(EXCLUDE_FILE(*libm.a: *libc.a:*lib_a-mem*.o *libgcc.a:) .rodata*)
 .rodata.print_network_information.str1.4
                0x10007db8       0x9f CMakeFiles/w5500_spi.dir/w5500_spi.c.obj
 *fill*         0x10007e57        0x1 
 .rodata.main.str1.4
                0x10007e58       0x81 CMakeFiles/w5500_spi.dir/w5500_spi.c.obj
 *fill*         0x10007ed9        0x3 
 .rodata.str1.4
                0x10007edc       0x13 CMakeFiles/w5500_spi.dir/w5500_spi.c.obj
 *fill*         0x10007eef        0x1 
 .rodata.__bi_124.1
                0x10007ef0        0x8 CMakeFiles/w5500_spi.dir/w5500_spi.c.obj
 .rodata.__bi_131.2
                0x10007ef8        0xc CMakeFiles/w5500_spi.dir/w5500_spi.c.obj
 .rodata.__bi_90.0
                0x10007f04        0xc CMakeFiles/w5500_spi.dir/w5500_spi.c.obj
 .rodata.loopback_udps.str1.4
                0x10007f10       0x59 CMakeFiles/w5500_spi.dir/loopback.c.obj
 *fill*         0x10007f69        0x3 
 .rodata.WIZCHIP_READ_BUF.str1.4
                0x10007f6c        0x7 CMakeFiles/w5500_spi.dir/w5500.c.obj
 *fill*         0x10007f73        0x1 
 .rodata.ctlnetwork
                0x10007f74       0x18 CMakeFiles/w5500_spi.dir/wizchip_conf.c.obj
 .rodata.ctlwizchip
                0x10007f8c       0x40 CMakeFiles/w5500_spi.dir/wizchip_conf.c.obj
 .rodata.spin_lock_claim_unused.str1.4
                0x10007fcc       0x1b CMakeFiles/w5500_spi.dir/C_/Program_Files/Raspberry_Pi/Pico_SDK_v1.5.1/pico-sdk/src/rp2_common/hardware_sync/sync.c.obj
 *fill*         0x10007fe7        0x1 
 .rodata.user_irq_claim_unused.str1.4
                0x10007fe8       0x1b CMakeFiles/w5500_spi.dir/C_/Program_Files/Raspberry_Pi/Pico_SDK_v1.5.1/pico-sdk/src/rp2_common/hardware_irq/irq.c.obj
 *fill*         0x10008003        0x1 
 .rodata.hardware_alarm_claim.str1.4
                0x10008004       0x22 CMakeFiles/w5500_spi.dir/C_/Program_Files/Raspberry_Pi/Pico_SDK_v1.5.1/pico-sdk/src/rp2_common/hardware_timer/timer.c.obj
 *fill*         0x10008026        0x2 
 .rodata.panic.str1.4
                0x10008028       0x10 CMakeFiles/w5500_spi.dir/C_/Program_Files/Raspberry_Pi/Pico_SDK_v1.5.1/pico-sdk/src/rp2_common/pico_runtime/runtime.c.obj
                                 0x12 (size before relaxing)
 .rodata.hard_assertion_failure.str1.4
                0x10008038        0xc CMakeFiles/w5500_spi.dir/C_/Program_Files/Raspberry_Pi/Pico_SDK_v1.5.1/pico-sdk/src/rp2_common/pico_runtime/runtime.c.obj
 .rodata._ftoa.str1.4
                0x10008044       0x15 CMakeFiles/w5500_spi.dir/C_/Program_Files/Raspberry_Pi/Pico_SDK_v1.5.1/pico-sdk/src/rp2_common/pico_printf/printf.c.obj
 *fill*         0x10008059        0x3 
 .rodata._vsnprintf
                0x1000805c      0x1e0 CMakeFiles/w5500_spi.dir/C_/Program_Files/Raspberry_Pi/Pico_SDK_v1.5.1/pico-sdk/src/rp2_common/pico_printf/printf.c.obj
 *fill*         0x1000823c        0x4 
 .rodata.pow10.0
                0x10008240       0x50 CMakeFiles/w5500_spi.dir/C_/Program_Files/Raspberry_Pi/Pico_SDK_v1.5.1/pico-sdk/src/rp2_common/pico_printf/printf.c.obj
 .rodata.str1.4
                0x10008290       0x40 CMakeFiles/w5500_spi.dir/C_/Program_Files/Raspberry_Pi/Pico_SDK_v1.5.1/pico-sdk/src/rp2_common/pico_standard_link/binary_info.c.obj
 .rodata.__bi_44
                0x100082d0        0xc CMakeFiles/w5500_spi.dir/C_/Program_Files/Raspberry_Pi/Pico_SDK_v1.5.1/pico-sdk/src/rp2_common/pico_standard_link/binary_info.c.obj
 .rodata.__bi_75
                0x100082dc        0xc CMakeFiles/w5500_spi.dir/C_/Program_Files/Raspberry_Pi/Pico_SDK_v1.5.1/pico-sdk/src/rp2_common/pico_standard_link/binary_info.c.obj
 .rodata.__bi_81
                0x100082e8        0xc CMakeFiles/w5500_spi.dir/C_/Program_Files/Raspberry_Pi/Pico_SDK_v1.5.1/pico-sdk/src/rp2_common/pico_standard_link/binary_info.c.obj
 .rodata.crlf_str.0
                0x100082f4        0x2 CMakeFiles/w5500_spi.dir/C_/Program_Files/Raspberry_Pi/Pico_SDK_v1.5.1/pico-sdk/src/rp2_common/pico_stdio/stdio.c.obj
 *fill*         0x100082f6        0x2 
 .rodata._resetd_driver
                0x100082f8       0x18 CMakeFiles/w5500_spi.dir/C_/Program_Files/Raspberry_Pi/Pico_SDK_v1.5.1/pico-sdk/src/rp2_common/pico_stdio_usb/reset_interface.c.obj
 .rodata.str1.4
                0x10008310       0x13 CMakeFiles/w5500_spi.dir/C_/Program_Files/Raspberry_Pi/Pico_SDK_v1.5.1/pico-sdk/src/rp2_common/pico_stdio_usb/stdio_usb.c.obj
 *fill*         0x10008323        0x1 
 .rodata.__bi_182.0
                0x10008324        0xc CMakeFiles/w5500_spi.dir/C_/Program_Files/Raspberry_Pi/Pico_SDK_v1.5.1/pico-sdk/src/rp2_common/pico_stdio_usb/stdio_usb.c.obj
 .rodata.str1.4
                0x10008330       0x2a CMakeFiles/w5500_spi.dir/C_/Program_Files/Raspberry_Pi/Pico_SDK_v1.5.1/pico-sdk/src/rp2_common/pico_stdio_usb/stdio_usb_descriptors.c.obj
 *fill*         0x1000835a        0x2 
 .rodata.usbd_desc_cfg
                0x1000835c       0x54 CMakeFiles/w5500_spi.dir/C_/Program_Files/Raspberry_Pi/Pico_SDK_v1.5.1/pico-sdk/src/rp2_common/pico_stdio_usb/stdio_usb_descriptors.c.obj
 .rodata.usbd_desc_device
                0x100083b0       0x12 CMakeFiles/w5500_spi.dir/C_/Program_Files/Raspberry_Pi/Pico_SDK_v1.5.1/pico-sdk/src/rp2_common/pico_stdio_usb/stdio_usb_descriptors.c.obj
 *fill*         0x100083c2        0x2 
 .rodata.usbd_desc_str
                0x100083c4       0x18 CMakeFiles/w5500_spi.dir/C_/Program_Files/Raspberry_Pi/Pico_SDK_v1.5.1/pico-sdk/src/rp2_common/pico_stdio_usb/stdio_usb_descriptors.c.obj
 .rodata.str1.4
                0x100083dc       0x14 CMakeFiles/w5500_spi.dir/C_/Program_Files/Raspberry_Pi/Pico_SDK_v1.5.1/pico-sdk/lib/tinyusb/src/portable/raspberrypi/rp2040/dcd_rp2040.c.obj
 .rodata.str1.4
                0x100083f0       0x53 CMakeFiles/w5500_spi.dir/C_/Program_Files/Raspberry_Pi/Pico_SDK_v1.5.1/pico-sdk/lib/tinyusb/src/portable/raspberrypi/rp2040/rp2040_usb.c.obj
 *fill*         0x10008443        0x1 
 .rodata.tud_task_ext
                0x10008444       0x8c CMakeFiles/w5500_spi.dir/C_/Program_Files/Raspberry_Pi/Pico_SDK_v1.5.1/pico-sdk/lib/tinyusb/src/device/usbd.c.obj
 .rodata._usbd_driver
                0x100084d0       0x18 CMakeFiles/w5500_spi.dir/C_/Program_Files/Raspberry_Pi/Pico_SDK_v1.5.1/pico-sdk/lib/tinyusb/src/device/usbd.c.obj
                0x100084e8                . = ALIGN (0x4)
 *(SORT_BY_ALIGNMENT(SORT_BY_NAME(.flashdata*)))
                0x100084e8                . = ALIGN (0x4)

.ARM.extab
 *(.ARM.extab* .gnu.linkonce.armextab.*)
                0x100084e8                __exidx_start = .

.ARM.exidx
 *(.ARM.exidx* .gnu.linkonce.armexidx.*)
                0x100084e8                __exidx_end = .
                0x100084e8                . = ALIGN (0x4)
                0x100084e8                __binary_info_start = .

.binary_info    0x100084e8       0x2c
 *(.binary_info.keep.*)
 .binary_info.keep.__bi_ptr124
                0x100084e8        0x4 CMakeFiles/w5500_spi.dir/w5500_spi.c.obj
 .binary_info.keep.__bi_ptr131
                0x100084ec        0x4 CMakeFiles/w5500_spi.dir/w5500_spi.c.obj
 .binary_info.keep.__bi_ptr90
                0x100084f0        0x4 CMakeFiles/w5500_spi.dir/w5500_spi.c.obj
 .binary_info.keep.__bi_ptr22
                0x100084f4        0x4 CMakeFiles/w5500_spi.dir/C_/Program_Files/Raspberry_Pi/Pico_SDK_v1.5.1/pico-sdk/src/rp2_common/pico_standard_link/binary_info.c.obj
 .binary_info.keep.__bi_ptr30
                0x100084f8        0x4 CMakeFiles/w5500_spi.dir/C_/Program_Files/Raspberry_Pi/Pico_SDK_v1.5.1/pico-sdk/src/rp2_common/pico_standard_link/binary_info.c.obj
 .binary_info.keep.__bi_ptr38
                0x100084fc        0x4 CMakeFiles/w5500_spi.dir/C_/Program_Files/Raspberry_Pi/Pico_SDK_v1.5.1/pico-sdk/src/rp2_common/pico_standard_link/binary_info.c.obj
 .binary_info.keep.__bi_ptr44
                0x10008500        0x4 CMakeFiles/w5500_spi.dir/C_/Program_Files/Raspberry_Pi/Pico_SDK_v1.5.1/pico-sdk/src/rp2_common/pico_standard_link/binary_info.c.obj
 .binary_info.keep.__bi_ptr50
                0x10008504        0x4 CMakeFiles/w5500_spi.dir/C_/Program_Files/Raspberry_Pi/Pico_SDK_v1.5.1/pico-sdk/src/rp2_common/pico_standard_link/binary_info.c.obj
 .binary_info.keep.__bi_ptr75
                0x10008508        0x4 CMakeFiles/w5500_spi.dir/C_/Program_Files/Raspberry_Pi/Pico_SDK_v1.5.1/pico-sdk/src/rp2_common/pico_standard_link/binary_info.c.obj
 .binary_info.keep.__bi_ptr81
                0x1000850c        0x4 CMakeFiles/w5500_spi.dir/C_/Program_Files/Raspberry_Pi/Pico_SDK_v1.5.1/pico-sdk/src/rp2_common/pico_standard_link/binary_info.c.obj
 *(.binary_info.*)
 .binary_info.__bi_ptr182
                0x10008510        0x4 CMakeFiles/w5500_spi.dir/C_/Program_Files/Raspberry_Pi/Pico_SDK_v1.5.1/pico-sdk/src/rp2_common/pico_stdio_usb/stdio_usb.c.obj
                0x10008514                __binary_info_end = .

.rel.dyn        0x10008514        0x0
 .rel.iplt      0x10008514        0x0 c:/progra~1/raspbe~1/picosd~1.1/gcc-ar~1/bin/../lib/gcc/arm-none-eabi/10.3.1/thumb/v6-m/nofp/crtbegin.o
                0x10008514                . = ALIGN (0x4)

.ram_vector_table
                0x20000000       0xc0
 *(.ram_vector_table)
 .ram_vector_table
                0x20000000       0xc0 CMakeFiles/w5500_spi.dir/C_/Program_Files/Raspberry_Pi/Pico_SDK_v1.5.1/pico-sdk/src/rp2_common/pico_runtime/runtime.c.obj
                0x20000000                ram_vector_table

.data           0x200000c0      0xf60 load address 0x10008514
                0x200000c0                __data_start__ = .
 *(vtable)
 *(.time_critical*)
 .time_critical.mutex_try_enter
                0x200000c0       0x44 CMakeFiles/w5500_spi.dir/C_/Program_Files/Raspberry_Pi/Pico_SDK_v1.5.1/pico-sdk/src/common/pico_sync/mutex.c.obj
                0x200000c0                mutex_try_enter
 .time_critical.mutex_try_enter_block_until
                0x20000104       0x9c CMakeFiles/w5500_spi.dir/C_/Program_Files/Raspberry_Pi/Pico_SDK_v1.5.1/pico-sdk/src/common/pico_sync/mutex.c.obj
                0x20000104                mutex_try_enter_block_until
 .time_critical.mutex_enter_timeout_ms
                0x200001a0       0x90 CMakeFiles/w5500_spi.dir/C_/Program_Files/Raspberry_Pi/Pico_SDK_v1.5.1/pico-sdk/src/common/pico_sync/mutex.c.obj
                0x200001a0                mutex_enter_timeout_ms
 .time_critical.mutex_exit
                0x20000230       0x28 CMakeFiles/w5500_spi.dir/C_/Program_Files/Raspberry_Pi/Pico_SDK_v1.5.1/pico-sdk/src/common/pico_sync/mutex.c.obj
                0x20000230                mutex_exit
 .time_critical.flash_init_boot2_copyout
                0x20000258       0x30 CMakeFiles/w5500_spi.dir/C_/Program_Files/Raspberry_Pi/Pico_SDK_v1.5.1/pico-sdk/src/rp2_common/hardware_flash/flash.c.obj
 .time_critical.flash_enable_xip_via_boot2
                0x20000288       0x10 CMakeFiles/w5500_spi.dir/C_/Program_Files/Raspberry_Pi/Pico_SDK_v1.5.1/pico-sdk/src/rp2_common/hardware_flash/flash.c.obj
 .time_critical.flash_cs_force
                0x20000298       0x38 CMakeFiles/w5500_spi.dir/C_/Program_Files/Raspberry_Pi/Pico_SDK_v1.5.1/pico-sdk/src/rp2_common/hardware_flash/flash.c.obj
 .time_critical.flash_do_cmd
                0x200002d0       0xc4 CMakeFiles/w5500_spi.dir/C_/Program_Files/Raspberry_Pi/Pico_SDK_v1.5.1/pico-sdk/src/rp2_common/hardware_flash/flash.c.obj
                0x200002d0                flash_do_cmd
 .time_critical.reset_non_control_endpoints
                0x20000394       0xbc CMakeFiles/w5500_spi.dir/C_/Program_Files/Raspberry_Pi/Pico_SDK_v1.5.1/pico-sdk/lib/tinyusb/src/portable/raspberrypi/rp2040/dcd_rp2040.c.obj
 .time_critical.hw_handle_buff_status
                0x20000450       0xa8 CMakeFiles/w5500_spi.dir/C_/Program_Files/Raspberry_Pi/Pico_SDK_v1.5.1/pico-sdk/lib/tinyusb/src/portable/raspberrypi/rp2040/dcd_rp2040.c.obj
 .time_critical.dcd_rp2040_irq
                0x200004f8      0x4d8 CMakeFiles/w5500_spi.dir/C_/Program_Files/Raspberry_Pi/Pico_SDK_v1.5.1/pico-sdk/lib/tinyusb/src/portable/raspberrypi/rp2040/dcd_rp2040.c.obj
 .time_critical.e15_is_bulkin_ep
                0x200009d0       0x28 CMakeFiles/w5500_spi.dir/C_/Program_Files/Raspberry_Pi/Pico_SDK_v1.5.1/pico-sdk/lib/tinyusb/src/portable/raspberrypi/rp2040/rp2040_usb.c.obj
 .time_critical.e15_is_critical_frame_period
                0x200009f8       0x34 CMakeFiles/w5500_spi.dir/C_/Program_Files/Raspberry_Pi/Pico_SDK_v1.5.1/pico-sdk/lib/tinyusb/src/portable/raspberrypi/rp2040/rp2040_usb.c.obj
 .time_critical.prepare_ep_buffer
                0x20000a2c       0x70 CMakeFiles/w5500_spi.dir/C_/Program_Files/Raspberry_Pi/Pico_SDK_v1.5.1/pico-sdk/lib/tinyusb/src/portable/raspberrypi/rp2040/rp2040_usb.c.obj
 .time_critical.sync_ep_buffer
                0x20000a9c       0x4c CMakeFiles/w5500_spi.dir/C_/Program_Files/Raspberry_Pi/Pico_SDK_v1.5.1/pico-sdk/lib/tinyusb/src/portable/raspberrypi/rp2040/rp2040_usb.c.obj
 .time_critical._hw_endpoint_xfer_sync
                0x20000ae8       0x28 CMakeFiles/w5500_spi.dir/C_/Program_Files/Raspberry_Pi/Pico_SDK_v1.5.1/pico-sdk/lib/tinyusb/src/portable/raspberrypi/rp2040/rp2040_usb.c.obj
 .time_critical.hw_endpoint_reset_transfer
                0x20000b10        0xc CMakeFiles/w5500_spi.dir/C_/Program_Files/Raspberry_Pi/Pico_SDK_v1.5.1/pico-sdk/lib/tinyusb/src/portable/raspberrypi/rp2040/rp2040_usb.c.obj
                0x20000b10                hw_endpoint_reset_transfer
 .time_critical._hw_endpoint_buffer_control_update32
                0x20000b1c       0x58 CMakeFiles/w5500_spi.dir/C_/Program_Files/Raspberry_Pi/Pico_SDK_v1.5.1/pico-sdk/lib/tinyusb/src/portable/raspberrypi/rp2040/rp2040_usb.c.obj
                0x20000b1c                _hw_endpoint_buffer_control_update32
 .time_critical.hw_endpoint_start_next_buffer
                0x20000b74       0x6c CMakeFiles/w5500_spi.dir/C_/Program_Files/Raspberry_Pi/Pico_SDK_v1.5.1/pico-sdk/lib/tinyusb/src/portable/raspberrypi/rp2040/rp2040_usb.c.obj
                0x20000b74                hw_endpoint_start_next_buffer
 .time_critical.hw_endpoint_xfer_continue
                0x20000be0       0x50 CMakeFiles/w5500_spi.dir/C_/Program_Files/Raspberry_Pi/Pico_SDK_v1.5.1/pico-sdk/lib/tinyusb/src/portable/raspberrypi/rp2040/rp2040_usb.c.obj
                0x20000be0                hw_endpoint_xfer_continue
 .time_critical.tinyusb
                0x20000c30      0x170 CMakeFiles/w5500_spi.dir/C_/Program_Files/Raspberry_Pi/Pico_SDK_v1.5.1/pico-sdk/lib/tinyusb/src/device/usbd.c.obj
                0x20000c30                dcd_event_handler
 .time_critical.spi_write_blocking
                0x20000da0       0x4c CMakeFiles/w5500_spi.dir/C_/Program_Files/Raspberry_Pi/Pico_SDK_v1.5.1/pico-sdk/src/rp2_common/hardware_spi/spi.c.obj
                0x20000da0                spi_write_blocking
 .time_critical.spi_read_blocking
                0x20000dec       0x74 CMakeFiles/w5500_spi.dir/C_/Program_Files/Raspberry_Pi/Pico_SDK_v1.5.1/pico-sdk/src/rp2_common/hardware_spi/spi.c.obj
                0x20000dec                spi_read_blocking
 *(.text*)
 .text          0x20000e60        0x4 c:/progra~1/raspbe~1/picosd~1.1/gcc-ar~1/bin/../lib/gcc/arm-none-eabi/10.3.1/thumb/v6-m/nofp\libgcc.a(_dvmd_tls.o)
                0x20000e60                __aeabi_idiv0
                0x20000e60                __aeabi_ldiv0
 *fill*         0x20000e64        0x4 
 .text.__stub   0x20000e68       0x70 linker stubs
                0x20000ed8                . = ALIGN (0x4)
 *(.rodata*)
                0x20000ed8                . = ALIGN (0x4)
 *(.data*)
 .data.gWIZNETINFO
                0x20000ed8       0x17 CMakeFiles/w5500_spi.dir/w5500_spi.c.obj
                0x20000ed8                gWIZNETINFO
 *fill*         0x20000eef        0x1 
 .data.sock_any_port
                0x20000ef0        0x2 CMakeFiles/w5500_spi.dir/socket.c.obj
 *fill*         0x20000ef2        0x2 
 .data.WIZCHIP  0x20000ef4       0x2c CMakeFiles/w5500_spi.dir/wizchip_conf.c.obj
                0x20000ef4                WIZCHIP
 .data.striped_spin_lock_num
                0x20000f20        0x1 CMakeFiles/w5500_spi.dir/C_/Program_Files/Raspberry_Pi/Pico_SDK_v1.5.1/pico-sdk/src/rp2_common/hardware_sync/sync.c.obj
 *fill*         0x20000f21        0x3 
 .data          0x20000f24       0x48 CMakeFiles/w5500_spi.dir/C_/Program_Files/Raspberry_Pi/Pico_SDK_v1.5.1/pico-sdk/src/rp2_common/hardware_irq/irq_handler_chain.S.obj
                0x20000f24                irq_handler_chain_slots
                0x20000f54                irq_handler_chain_first_slot
                0x20000f5e                irq_handler_chain_remove_tail
 .data.default_alarm_pool
                0x20000f6c       0x18 CMakeFiles/w5500_spi.dir/C_/Program_Files/Raspberry_Pi/Pico_SDK_v1.5.1/pico-sdk/src/common/pico_time/time.c.obj
 .data.default_alarm_pool_heap
                0x20000f84       0x10 CMakeFiles/w5500_spi.dir/C_/Program_Files/Raspberry_Pi/Pico_SDK_v1.5.1/pico-sdk/src/common/pico_time/time.c.obj
 *fill*         0x20000f94        0xc 
 .data.aeabi_bits_funcs
                0x20000fa0       0x10 CMakeFiles/w5500_spi.dir/C_/Program_Files/Raspberry_Pi/Pico_SDK_v1.5.1/pico-sdk/src/rp2_common/pico_bit_ops/bit_ops_aeabi.S.obj
                0x20000fa0                aeabi_bits_funcs
                0x20000fb0                aeabi_bits_funcs_end
 .data.aeabi_mem_funcs
                0x20000fb0       0x10 CMakeFiles/w5500_spi.dir/C_/Program_Files/Raspberry_Pi/Pico_SDK_v1.5.1/pico-sdk/src/rp2_common/pico_mem_ops/mem_ops_aeabi.S.obj
                0x20000fb0                aeabi_mem_funcs
                0x20000fc0                aeabi_mem_funcs_end
 .data.stdio_usb
                0x20000fc0       0x18 CMakeFiles/w5500_spi.dir/C_/Program_Files/Raspberry_Pi/Pico_SDK_v1.5.1/pico-sdk/src/rp2_common/pico_stdio_usb/stdio_usb.c.obj
                0x20000fc0                stdio_usb
 .data.ep_dir_string
                0x20000fd8        0x8 CMakeFiles/w5500_spi.dir/C_/Program_Files/Raspberry_Pi/Pico_SDK_v1.5.1/pico-sdk/lib/tinyusb/src/portable/raspberrypi/rp2040/rp2040_usb.c.obj
                0x20000fd8                ep_dir_string
 .data._usbd_qdef
                0x20000fe0       0x1c CMakeFiles/w5500_spi.dir/C_/Program_Files/Raspberry_Pi/Pico_SDK_v1.5.1/pico-sdk/lib/tinyusb/src/device/usbd.c.obj
                0x20000fe0                _usbd_qdef
 .data._usbd_rhport
                0x20000ffc        0x1 CMakeFiles/w5500_spi.dir/C_/Program_Files/Raspberry_Pi/Pico_SDK_v1.5.1/pico-sdk/lib/tinyusb/src/device/usbd.c.obj
                0x20001000                . = ALIGN (0x4)
 *fill*         0x20000ffd        0x3 
 *(.after_data.*)
                0x20001000                . = ALIGN (0x4)
                0x20001000                PROVIDE (__mutex_array_start = .)
 *(SORT_BY_NAME(.mutex_array.*))
 *(.mutex_array)
 .mutex_array   0x20001000        0x8 CMakeFiles/w5500_spi.dir/C_/Program_Files/Raspberry_Pi/Pico_SDK_v1.5.1/pico-sdk/src/rp2_common/pico_stdio/stdio.c.obj
                0x20001008                PROVIDE (__mutex_array_end = .)
                0x20001008                . = ALIGN (0x4)
                0x20001008                PROVIDE (__preinit_array_start = .)
 *(SORT_BY_NAME(.preinit_array.*))
 .preinit_array.00001
                0x20001008        0x4 CMakeFiles/w5500_spi.dir/C_/Program_Files/Raspberry_Pi/Pico_SDK_v1.5.1/pico-sdk/src/rp2_common/pico_mem_ops/mem_ops_aeabi.S.obj
 .preinit_array.00010
                0x2000100c        0x4 CMakeFiles/w5500_spi.dir/C_/Program_Files/Raspberry_Pi/Pico_SDK_v1.5.1/pico-sdk/src/rp2_common/pico_bit_ops/bit_ops_aeabi.S.obj
 .preinit_array.00020
                0x20001010        0x4 CMakeFiles/w5500_spi.dir/C_/Program_Files/Raspberry_Pi/Pico_SDK_v1.5.1/pico-sdk/src/rp2_common/pico_double/double_aeabi.S.obj
 .preinit_array.00020
                0x20001014        0x4 CMakeFiles/w5500_spi.dir/C_/Program_Files/Raspberry_Pi/Pico_SDK_v1.5.1/pico-sdk/src/rp2_common/pico_float/float_aeabi.S.obj
 *(.preinit_array)
                0x20001018                PROVIDE (__preinit_array_end = .)
                0x20001018                . = ALIGN (0x4)
                0x20001018                PROVIDE (__init_array_start = .)
 *(SORT_BY_NAME(.init_array.*))
 *(.init_array)
 .init_array    0x20001018        0x4 c:/progra~1/raspbe~1/picosd~1.1/gcc-ar~1/bin/../lib/gcc/arm-none-eabi/10.3.1/thumb/v6-m/nofp/crtbegin.o
 .init_array    0x2000101c        0x4 CMakeFiles/w5500_spi.dir/C_/Program_Files/Raspberry_Pi/Pico_SDK_v1.5.1/pico-sdk/src/rp2_common/pico_unique_id/unique_id.c.obj
                0x20001020                PROVIDE (__init_array_end = .)
                0x20001020                . = ALIGN (0x4)
                [!provide]                PROVIDE (__fini_array_start = .)
 *(SORT_BY_NAME(.fini_array.*))
 *(.fini_array)
                [!provide]                PROVIDE (__fini_array_end = .)
 *(.jcr)
                0x20001020                . = ALIGN (0x4)
                0x20001020                __data_end__ = .
                0x10008514                __etext = LOADADDR (.data)

.igot.plt       0x20001020        0x0 load address 0x10009474
 .igot.plt      0x20001020        0x0 c:/progra~1/raspbe~1/picosd~1.1/gcc-ar~1/bin/../lib/gcc/arm-none-eabi/10.3.1/thumb/v6-m/nofp/crtbegin.o

.uninitialized_data
                0x20001020        0x0 load address 0x10009474
                0x20001020                . = ALIGN (0x4)
 *(.uninitialized_data*)

.scratch_x      0x20040000        0x0 load address 0x10009474
                0x20040000                __scratch_x_start__ = .
 *(.scratch_x.*)
                0x20040000                . = ALIGN (0x4)
                0x20040000                __scratch_x_end__ = .
                0x10009474                __scratch_x_source__ = LOADADDR (.scratch_x)

.scratch_y      0x20041000        0x0 load address 0x10009474
                0x20041000                __scratch_y_start__ = .
 *(.scratch_y.*)
                0x20041000                . = ALIGN (0x4)
                0x20041000                __scratch_y_end__ = .
                0x10009474                __scratch_y_source__ = LOADADDR (.scratch_y)

.bss            0x20001020     0x15ac
                0x20001020                . = ALIGN (0x4)
                0x20001020                __bss_start__ = .
 *(SORT_BY_ALIGNMENT(SORT_BY_NAME(.bss*)))
 .bss.default_alarm_pool_entries
                0x20001020      0x100 CMakeFiles/w5500_spi.dir/C_/Program_Files/Raspberry_Pi/Pico_SDK_v1.5.1/pico-sdk/src/common/pico_time/time.c.obj
 .bss.last_avail_time.1
                0x20001120        0x8 CMakeFiles/w5500_spi.dir/C_/Program_Files/Raspberry_Pi/Pico_SDK_v1.5.1/pico-sdk/src/rp2_common/pico_stdio_usb/stdio_usb.c.obj
 .bss.sd_table  0x20001128      0x100 CMakeFiles/w5500_spi.dir/C_/Program_Files/Raspberry_Pi/Pico_SDK_v1.5.1/pico-sdk/src/rp2_common/pico_double/double_init_rom.c.obj
                0x20001128                sd_table
 .bss.sf_table  0x20001228      0x100 CMakeFiles/w5500_spi.dir/C_/Program_Files/Raspberry_Pi/Pico_SDK_v1.5.1/pico-sdk/src/rp2_common/pico_float/float_init_rom.c.obj
                0x20001228                sf_table
 .bss           0x20001328       0x1c c:/progra~1/raspbe~1/picosd~1.1/gcc-ar~1/bin/../lib/gcc/arm-none-eabi/10.3.1/thumb/v6-m/nofp/crtbegin.o
 .bss._DNS_     0x20001344        0x4 CMakeFiles/w5500_spi.dir/wizchip_conf.c.obj
 .bss._app_driver
                0x20001348        0x4 CMakeFiles/w5500_spi.dir/C_/Program_Files/Raspberry_Pi/Pico_SDK_v1.5.1/pico-sdk/lib/tinyusb/src/device/usbd.c.obj
 .bss._cdcd_itf
                0x2000134c      0x2c8 CMakeFiles/w5500_spi.dir/C_/Program_Files/Raspberry_Pi/Pico_SDK_v1.5.1/pico-sdk/lib/tinyusb/src/class/cdc/cdc_device.c.obj
 .bss._ctrl_xfer
                0x20001614       0x14 CMakeFiles/w5500_spi.dir/C_/Program_Files/Raspberry_Pi/Pico_SDK_v1.5.1/pico-sdk/lib/tinyusb/src/device/usbd_control.c.obj
 .bss._ubsd_mutexdef
                0x20001628        0x8 CMakeFiles/w5500_spi.dir/C_/Program_Files/Raspberry_Pi/Pico_SDK_v1.5.1/pico-sdk/lib/tinyusb/src/device/usbd.c.obj
 .bss._usbd_ctrl_buf
                0x20001630       0x40 CMakeFiles/w5500_spi.dir/C_/Program_Files/Raspberry_Pi/Pico_SDK_v1.5.1/pico-sdk/lib/tinyusb/src/device/usbd_control.c.obj
 .bss._usbd_dev
                0x20001670       0x53 CMakeFiles/w5500_spi.dir/C_/Program_Files/Raspberry_Pi/Pico_SDK_v1.5.1/pico-sdk/lib/tinyusb/src/device/usbd.c.obj
 *fill*         0x200016c3        0x1 
 .bss._usbd_mutex
                0x200016c4        0x4 CMakeFiles/w5500_spi.dir/C_/Program_Files/Raspberry_Pi/Pico_SDK_v1.5.1/pico-sdk/lib/tinyusb/src/device/usbd.c.obj
 .bss._usbd_q   0x200016c8        0x4 CMakeFiles/w5500_spi.dir/C_/Program_Files/Raspberry_Pi/Pico_SDK_v1.5.1/pico-sdk/lib/tinyusb/src/device/usbd.c.obj
 .bss._usbd_qdef_buf
                0x200016cc       0xc0 CMakeFiles/w5500_spi.dir/C_/Program_Files/Raspberry_Pi/Pico_SDK_v1.5.1/pico-sdk/lib/tinyusb/src/device/usbd.c.obj
                0x200016cc                _usbd_qdef_buf
 .bss.alarm_callbacks
                0x2000178c       0x10 CMakeFiles/w5500_spi.dir/C_/Program_Files/Raspberry_Pi/Pico_SDK_v1.5.1/pico-sdk/src/rp2_common/hardware_timer/timer.c.obj
 .bss.boot2_copyout
                0x2000179c      0x100 CMakeFiles/w5500_spi.dir/C_/Program_Files/Raspberry_Pi/Pico_SDK_v1.5.1/pico-sdk/src/rp2_common/hardware_flash/flash.c.obj
 .bss.chars_available_callback
                0x2000189c        0x4 CMakeFiles/w5500_spi.dir/C_/Program_Files/Raspberry_Pi/Pico_SDK_v1.5.1/pico-sdk/src/rp2_common/pico_stdio_usb/stdio_usb.c.obj
 .bss.chars_available_param
                0x200018a0        0x4 CMakeFiles/w5500_spi.dir/C_/Program_Files/Raspberry_Pi/Pico_SDK_v1.5.1/pico-sdk/src/rp2_common/pico_stdio_usb/stdio_usb.c.obj
 .bss.claimed   0x200018a4        0x4 CMakeFiles/w5500_spi.dir/C_/Program_Files/Raspberry_Pi/Pico_SDK_v1.5.1/pico-sdk/src/rp2_common/hardware_sync/sync.c.obj
 .bss.configured_freq
                0x200018a8       0x28 CMakeFiles/w5500_spi.dir/C_/Program_Files/Raspberry_Pi/Pico_SDK_v1.5.1/pico-sdk/src/rp2_common/hardware_clocks/clocks.c.obj
 .bss.default_alarm_pool_entry_ids_high
                0x200018d0       0x10 CMakeFiles/w5500_spi.dir/C_/Program_Files/Raspberry_Pi/Pico_SDK_v1.5.1/pico-sdk/src/common/pico_time/time.c.obj
 .bss.default_alarm_pool_heap_nodes
                0x200018e0       0x30 CMakeFiles/w5500_spi.dir/C_/Program_Files/Raspberry_Pi/Pico_SDK_v1.5.1/pico-sdk/src/common/pico_time/time.c.obj
 .bss.desc_str.0
                0x20001910       0x28 CMakeFiles/w5500_spi.dir/C_/Program_Files/Raspberry_Pi/Pico_SDK_v1.5.1/pico-sdk/src/rp2_common/pico_stdio_usb/stdio_usb_descriptors.c.obj
 .bss.drivers   0x20001938        0x4 CMakeFiles/w5500_spi.dir/C_/Program_Files/Raspberry_Pi/Pico_SDK_v1.5.1/pico-sdk/src/rp2_common/pico_stdio/stdio.c.obj
 .bss.e15_last_sof
                0x2000193c        0x4 CMakeFiles/w5500_spi.dir/C_/Program_Files/Raspberry_Pi/Pico_SDK_v1.5.1/pico-sdk/lib/tinyusb/src/portable/raspberrypi/rp2040/rp2040_usb.c.obj
                0x2000193c                e15_last_sof
 .bss.ethBuf0   0x20001940      0x800 CMakeFiles/w5500_spi.dir/w5500_spi.c.obj
                0x20001940                ethBuf0
 .bss.filter    0x20002140        0x4 CMakeFiles/w5500_spi.dir/C_/Program_Files/Raspberry_Pi/Pico_SDK_v1.5.1/pico-sdk/src/rp2_common/pico_stdio/stdio.c.obj
 .bss.hw_endpoints
                0x20002144      0x400 CMakeFiles/w5500_spi.dir/C_/Program_Files/Raspberry_Pi/Pico_SDK_v1.5.1/pico-sdk/lib/tinyusb/src/portable/raspberrypi/rp2040/dcd_rp2040.c.obj
 .bss.lazy_vsnprintf
                0x20002544        0x4 CMakeFiles/w5500_spi.dir/C_/Program_Files/Raspberry_Pi/Pico_SDK_v1.5.1/pico-sdk/src/rp2_common/pico_printf/printf.c.obj
 .bss.load_value
                0x20002548        0x4 CMakeFiles/w5500_spi.dir/C_/Program_Files/Raspberry_Pi/Pico_SDK_v1.5.1/pico-sdk/src/rp2_common/hardware_watchdog/watchdog.c.obj
 .bss.next_buffer_ptr
                0x2000254c        0x4 CMakeFiles/w5500_spi.dir/C_/Program_Files/Raspberry_Pi/Pico_SDK_v1.5.1/pico-sdk/lib/tinyusb/src/portable/raspberrypi/rp2040/dcd_rp2040.c.obj
 .bss.one_shot_timer_crit_sec
                0x20002550        0x8 CMakeFiles/w5500_spi.dir/C_/Program_Files/Raspberry_Pi/Pico_SDK_v1.5.1/pico-sdk/src/rp2_common/pico_stdio_usb/stdio_usb.c.obj
 .bss.pools     0x20002558       0x10 CMakeFiles/w5500_spi.dir/C_/Program_Files/Raspberry_Pi/Pico_SDK_v1.5.1/pico-sdk/src/common/pico_time/time.c.obj
 .bss.retrieved_id
                0x20002568        0x8 CMakeFiles/w5500_spi.dir/C_/Program_Files/Raspberry_Pi/Pico_SDK_v1.5.1/pico-sdk/src/rp2_common/pico_unique_id/unique_id.c.obj
 .bss.sf_clz_func
                0x20002570        0x4 CMakeFiles/w5500_spi.dir/C_/Program_Files/Raspberry_Pi/Pico_SDK_v1.5.1/pico-sdk/src/rp2_common/pico_double/double_init_rom.c.obj
                0x20002570                sf_clz_func
 .bss.sleep_notifier
                0x20002574        0x4 CMakeFiles/w5500_spi.dir/C_/Program_Files/Raspberry_Pi/Pico_SDK_v1.5.1/pico-sdk/src/common/pico_time/time.c.obj
 .bss.sock_pack_info
                0x20002578        0x8 CMakeFiles/w5500_spi.dir/socket.c.obj
                0x20002578                sock_pack_info
 .bss.sock_remained_size
                0x20002580       0x10 CMakeFiles/w5500_spi.dir/socket.c.obj
 .bss.stdio_usb_mutex
                0x20002590        0x8 CMakeFiles/w5500_spi.dir/C_/Program_Files/Raspberry_Pi/Pico_SDK_v1.5.1/pico-sdk/src/rp2_common/pico_stdio_usb/stdio_usb.c.obj
 .bss.target_hi
                0x20002598       0x10 CMakeFiles/w5500_spi.dir/C_/Program_Files/Raspberry_Pi/Pico_SDK_v1.5.1/pico-sdk/src/rp2_common/hardware_timer/timer.c.obj
 .bss.usbd_serial_str
                0x200025a8       0x11 CMakeFiles/w5500_spi.dir/C_/Program_Files/Raspberry_Pi/Pico_SDK_v1.5.1/pico-sdk/src/rp2_common/pico_stdio_usb/stdio_usb_descriptors.c.obj
 *fill*         0x200025b9        0x1 
 .bss.sock_io_mode
                0x200025ba        0x2 CMakeFiles/w5500_spi.dir/socket.c.obj
 .bss.sock_is_sending
                0x200025bc        0x2 CMakeFiles/w5500_spi.dir/socket.c.obj
 .bss._DHCP_    0x200025be        0x1 CMakeFiles/w5500_spi.dir/wizchip_conf.c.obj
 .bss._app_driver_count
                0x200025bf        0x1 CMakeFiles/w5500_spi.dir/C_/Program_Files/Raspberry_Pi/Pico_SDK_v1.5.1/pico-sdk/lib/tinyusb/src/device/usbd.c.obj
 .bss._sof_enable
                0x200025c0        0x1 CMakeFiles/w5500_spi.dir/C_/Program_Files/Raspberry_Pi/Pico_SDK_v1.5.1/pico-sdk/lib/tinyusb/src/portable/raspberrypi/rp2040/dcd_rp2040.c.obj
 .bss.boot2_copyout_valid
                0x200025c1        0x1 CMakeFiles/w5500_spi.dir/C_/Program_Files/Raspberry_Pi/Pico_SDK_v1.5.1/pico-sdk/src/rp2_common/hardware_flash/flash.c.obj
 .bss.claimed   0x200025c2        0x1 CMakeFiles/w5500_spi.dir/C_/Program_Files/Raspberry_Pi/Pico_SDK_v1.5.1/pico-sdk/src/rp2_common/hardware_timer/timer.c.obj
 .bss.irq_hander_chain_free_slot_head
                0x200025c3        0x1 CMakeFiles/w5500_spi.dir/C_/Program_Files/Raspberry_Pi/Pico_SDK_v1.5.1/pico-sdk/src/rp2_common/hardware_irq/irq.c.obj
 .bss.itf_num   0x200025c4        0x1 CMakeFiles/w5500_spi.dir/C_/Program_Files/Raspberry_Pi/Pico_SDK_v1.5.1/pico-sdk/src/rp2_common/pico_stdio_usb/reset_interface.c.obj
 .bss.low_priority_irq_num
                0x200025c5        0x1 CMakeFiles/w5500_spi.dir/C_/Program_Files/Raspberry_Pi/Pico_SDK_v1.5.1/pico-sdk/src/rp2_common/pico_stdio_usb/stdio_usb.c.obj
 .bss.one_shot_timer_pending
                0x200025c6        0x1 CMakeFiles/w5500_spi.dir/C_/Program_Files/Raspberry_Pi/Pico_SDK_v1.5.1/pico-sdk/src/rp2_common/pico_stdio_usb/stdio_usb.c.obj
 .bss.timer_callbacks_pending
                0x200025c7        0x1 CMakeFiles/w5500_spi.dir/C_/Program_Files/Raspberry_Pi/Pico_SDK_v1.5.1/pico-sdk/src/rp2_common/hardware_timer/timer.c.obj
 .bss.user_irq_claimed
                0x200025c8        0x1 CMakeFiles/w5500_spi.dir/C_/Program_Files/Raspberry_Pi/Pico_SDK_v1.5.1/pico-sdk/src/rp2_common/hardware_irq/irq.c.obj
 *(COMMON)
                0x200025cc                . = ALIGN (0x4)
 *fill*         0x200025c9        0x3 
                0x200025cc                __bss_end__ = .

.heap           0x200025cc      0x800
                0x200025cc                __end__ = .
                0x200025cc                end = __end__
 *(.heap*)
 .heap          0x200025cc      0x800 CMakeFiles/w5500_spi.dir/C_/Program_Files/Raspberry_Pi/Pico_SDK_v1.5.1/pico-sdk/src/rp2_common/pico_standard_link/crt0.S.obj
                0x20002dcc                __HeapLimit = .

.stack1_dummy   0x20040000        0x0
 *(.stack1*)

.stack_dummy    0x20041000      0x800
 *(.stack*)
 .stack         0x20041000      0x800 CMakeFiles/w5500_spi.dir/C_/Program_Files/Raspberry_Pi/Pico_SDK_v1.5.1/pico-sdk/src/rp2_common/pico_standard_link/crt0.S.obj

.flash_end      0x10009474        0x0
                0x10009474                PROVIDE (__flash_binary_end = .)
                0x20040000                __StackLimit = (ORIGIN (RAM) + LENGTH (RAM))
                0x20041000                __StackOneTop = (ORIGIN (SCRATCH_X) + LENGTH (SCRATCH_X))
                0x20042000                __StackTop = (ORIGIN (SCRATCH_Y) + LENGTH (SCRATCH_Y))
                0x20041000                __StackOneBottom = (__StackOneTop - SIZEOF (.stack1_dummy))
                0x20041800                __StackBottom = (__StackTop - SIZEOF (.stack_dummy))
                0x20042000                PROVIDE (__stack = __StackTop)
                0x00000001                ASSERT ((__StackLimit >= __HeapLimit), region RAM overflowed)
                0x00000001                ASSERT (((__binary_info_header_end - __logical_binary_start) <= 0x100), Binary info must be in first 256 bytes of the binary)
LOAD CMakeFiles/w5500_spi.dir/w5500_spi.c.obj
LOAD CMakeFiles/w5500_spi.dir/loopback.c.obj
LOAD CMakeFiles/w5500_spi.dir/socket.c.obj
LOAD CMakeFiles/w5500_spi.dir/w5500.c.obj
LOAD CMakeFiles/w5500_spi.dir/wizchip_conf.c.obj
LOAD CMakeFiles/w5500_spi.dir/C_/Program_Files/Raspberry_Pi/Pico_SDK_v1.5.1/pico-sdk/src/rp2_common/pico_stdlib/stdlib.c.obj
LOAD CMakeFiles/w5500_spi.dir/C_/Program_Files/Raspberry_Pi/Pico_SDK_v1.5.1/pico-sdk/src/rp2_common/hardware_gpio/gpio.c.obj
LOAD CMakeFiles/w5500_spi.dir/C_/Program_Files/Raspberry_Pi/Pico_SDK_v1.5.1/pico-sdk/src/rp2_common/pico_platform/platform.c.obj
LOAD CMakeFiles/w5500_spi.dir/C_/Program_Files/Raspberry_Pi/Pico_SDK_v1.5.1/pico-sdk/src/rp2_common/hardware_claim/claim.c.obj
LOAD CMakeFiles/w5500_spi.dir/C_/Program_Files/Raspberry_Pi/Pico_SDK_v1.5.1/pico-sdk/src/rp2_common/hardware_sync/sync.c.obj
LOAD CMakeFiles/w5500_spi.dir/C_/Program_Files/Raspberry_Pi/Pico_SDK_v1.5.1/pico-sdk/src/rp2_common/hardware_irq/irq.c.obj
LOAD CMakeFiles/w5500_spi.dir/C_/Program_Files/Raspberry_Pi/Pico_SDK_v1.5.1/pico-sdk/src/rp2_common/hardware_irq/irq_handler_chain.S.obj
LOAD CMakeFiles/w5500_spi.dir/C_/Program_Files/Raspberry_Pi/Pico_SDK_v1.5.1/pico-sdk/src/common/pico_sync/sem.c.obj
LOAD CMakeFiles/w5500_spi.dir/C_/Program_Files/Raspberry_Pi/Pico_SDK_v1.5.1/pico-sdk/src/common/pico_sync/lock_core.c.obj
LOAD CMakeFiles/w5500_spi.dir/C_/Program_Files/Raspberry_Pi/Pico_SDK_v1.5.1/pico-sdk/src/common/pico_sync/mutex.c.obj
LOAD CMakeFiles/w5500_spi.dir/C_/Program_Files/Raspberry_Pi/Pico_SDK_v1.5.1/pico-sdk/src/common/pico_sync/critical_section.c.obj
LOAD CMakeFiles/w5500_spi.dir/C_/Program_Files/Raspberry_Pi/Pico_SDK_v1.5.1/pico-sdk/src/common/pico_time/time.c.obj
LOAD CMakeFiles/w5500_spi.dir/C_/Program_Files/Raspberry_Pi/Pico_SDK_v1.5.1/pico-sdk/src/common/pico_time/timeout_helper.c.obj
LOAD CMakeFiles/w5500_spi.dir/C_/Program_Files/Raspberry_Pi/Pico_SDK_v1.5.1/pico-sdk/src/rp2_common/hardware_timer/timer.c.obj
LOAD CMakeFiles/w5500_spi.dir/C_/Program_Files/Raspberry_Pi/Pico_SDK_v1.5.1/pico-sdk/src/common/pico_util/datetime.c.obj
LOAD CMakeFiles/w5500_spi.dir/C_/Program_Files/Raspberry_Pi/Pico_SDK_v1.5.1/pico-sdk/src/common/pico_util/pheap.c.obj
LOAD CMakeFiles/w5500_spi.dir/C_/Program_Files/Raspberry_Pi/Pico_SDK_v1.5.1/pico-sdk/src/common/pico_util/queue.c.obj
LOAD CMakeFiles/w5500_spi.dir/C_/Program_Files/Raspberry_Pi/Pico_SDK_v1.5.1/pico-sdk/src/rp2_common/hardware_uart/uart.c.obj
LOAD CMakeFiles/w5500_spi.dir/C_/Program_Files/Raspberry_Pi/Pico_SDK_v1.5.1/pico-sdk/src/rp2_common/hardware_clocks/clocks.c.obj